
 Start  Stop   Length Name               Class

 00000H 044C2H 044C3H _TEXT              CODE
 044C3H 08CFFH 0483DH SNS_TEXT           CODE
 08D00H 0EEF0H 061F1H MOD1_TEXT          CODE
 0EEF1H 1876EH 0987EH MOD2_TEXT          CODE
 1876FH 18788H 0001AH WDT_TEXT           CODE
 18789H 18794H 0000CH CLOCKH_TEXT        CODE
 18795H 187C1H 0002DH CLOCKHL_TEXT       CODE
 187C2H 187CDH 0000CH CLOCKL_TEXT        CODE
 187CEH 187D8H 0000BH LEDTOGLE_TEXT      CODE
 187D9H 18806H 0002EH L5INIT_TEXT        CODE
 18807H 18820H 0001AH L5SHOW_TEXT        CODE
 18821H 1883CH 0001CH L5SHOWD_TEXT       CODE
 1883DH 1883DH 00000H LED5_VAR_TEXT      CODE
 1883DH 18872H 00036H TO__7219_TEXT      CODE
 18873H 189EFH 0017DH DS1302_TEXT        CODE
 189F0H 18A3CH 0004DH GETDATE_TEXT       CODE
 18A3DH 18A6FH 00033H GETTIME_TEXT       CODE
 18A70H 18AA3H 00034H READRAM_TEXT       CODE
 18AA4H 18B62H 000BFH GETT_D_TEXT        CODE
 18B63H 18CD7H 00175H SETDATE_TEXT       CODE
 18CD8H 18D65H 0008EH SETTIME_TEXT       CODE
 18D66H 18D93H 0002EH WRITERAM_TEXT      CODE
 18D94H 18D94H 00000H SYS_VAR_TEXT       CODE
 18D94H 18E60H 000CDH INITLIB_TEXT       CODE
 18E61H 18F21H 000C1H EE1MREAD_TEXT      CODE
 18F22H 18FBBH 0009AH EE1MWR_TEXT        CODE
 18FBCH 18FFBH 00040H EE1RDNXT_TEXT      CODE
 18FFCH 1907CH 00081H EE1READ_TEXT       CODE
 1907DH 190F6H 0007AH EE1WR_TEXT         CODE
 190F7H 19246H 00150H EEP_BASE_TEXT      CODE
 19247H 1925DH 00017H EE_DISWR_TEXT      CODE
 1925EH 19265H 00008H EE_ENWR_TEXT       CODE
 19266H 193E3H 0017EH EE_INIT_TEXT       CODE
 193E4H 19481H 0009EH EE_MREAD_TEXT      CODE
 19482H 194EFH 0006EH EE_MWR_TEXT        CODE
 194F0H 195C6H 000D7H EE_MWR2_TEXT       CODE
 195C7H 19606H 00040H EE_RDNXT_TEXT      CODE
 19607H 19679H 00073H EE_READ_TEXT       CODE
 1967AH 1967AH 00000H EE_VAR_TEXT        CODE
 1967AH 196D0H 00057H EE_WR_TEXT         CODE
 196D1H 19730H 00060H EE_MWRL_TEXT       CODE
 19731H 19792H 00062H FLASHER_TEXT       CODE
 19793H 19905H 00173H FLASHID_TEXT       CODE
 19906H 19965H 00060H FLASHWR_TEXT       CODE
 19966H 19970H 0000BH MKFP_TEXT          CODE
 19971H 19AC7H 00157H USRTIMER_TEXT      CODE
 19AC8H 19B11H 0004AH BAUDDIV_TEXT       CODE
 19B12H 19B29H 00018H CHKPORT_TEXT       CODE
 19B2AH 19B61H 00038H COMINST_TEXT       CODE
 19B62H 19B93H 00032H COMN_TEXT          CODE
 19B94H 19BB9H 00026H COMREST_TEXT       CODE
 19BBAH 19BE2H 00029H ISCOM_TEXT         CODE
 19BE3H 19C08H 00026H READCOM_TEXT       CODE
 19C09H 19C69H 00061H SETBAUD_TEXT       CODE
 19C6AH 19C95H 0002CH TOCOM_TEXT         CODE
 19C96H 19CBBH 00026H TXEMPTY_TEXT       CODE
 19CBCH 19CBCH 00000H UART_VAR_TEXT      CODE
 19CBCH 19CE1H 00026H WAIT485_TEXT       CODE
 19CE2H 19D0FH 0002EH CHG_DATA_TEXT      CODE
 19D10H 19E53H 00144H C1_BAUD_TEXT       CODE
 19E54H 1A0F5H 002A2H C1_DMA_TEXT        CODE
 1A0F6H 1A11DH 00028H C1_ISCOM_TEXT      CODE
 1A11EH 1A5C9H 004ACH C1_ISR_TEXT        CODE
 1A5CAH 1A5D6H 0000DH C1_OE_TEXT         CODE
 1A5D7H 1A646H 00070H C1_READ_TEXT       CODE
 1A647H 1A796H 00150H C1_SENDN_TEXT      CODE
 1A797H 1A836H 000A0H C1_TOCOM_TEXT      CODE
 1A837H 1A865H 0002FH C1_WAIT_TEXT       CODE
 1A866H 1A9A9H 00144H C2_BAUD_TEXT       CODE
 1A9AAH 1AC4BH 002A2H C2_DMA_TEXT        CODE
 1AC4CH 1AC73H 00028H C2_ISCOM_TEXT      CODE
 1AC74H 1B11FH 004ACH C2_ISR_TEXT        CODE
 1B120H 1B12CH 0000DH C2_OE_TEXT         CODE
 1B12DH 1B165H 00039H C2_PRINT_TEXT      CODE
 1B166H 1B1D5H 00070H C2_READ_TEXT       CODE
 1B1D6H 1B325H 00150H C2_SENDN_TEXT      CODE
 1B326H 1B355H 00030H C2_STR_TEXT        CODE
 1B356H 1B3F5H 000A0H C2_TOCOM_TEXT      CODE
 1B3F6H 1B424H 0002FH C2_WAIT_TEXT       CODE
 1B425H 1B512H 000EEH C3_BAUD_TEXT       CODE
 1B513H 1B651H 0013FH C3_COMN_TEXT       CODE
 1B652H 1B66CH 0001BH C3_ISCOM_TEXT      CODE
 1B66DH 1B679H 0000DH C3_OE_TEXT         CODE
 1B67AH 1B6E2H 00069H C3_READ_TEXT       CODE
 1B6E3H 1B7A5H 000C3H C3_TOCOM_TEXT      CODE
 1B7A6H 1BEA1H 006FCH C3_UART_TEXT       CODE
 1BEA2H 1BED6H 00035H C3_WAIT_TEXT       CODE
 1BED7H 1BFC4H 000EEH C4_BAUD_TEXT       CODE
 1BFC5H 1C0F5H 00131H C4_COMN_TEXT       CODE
 1C0F6H 1C110H 0001BH C4_ISCOM_TEXT      CODE
 1C111H 1C11DH 0000DH C4_OE_TEXT         CODE
 1C11EH 1C15EH 00041H C4_READ_TEXT       CODE
 1C15FH 1C213H 000B5H C4_TOCOM_TEXT      CODE
 1C214H 1C693H 00480H C4_UART_TEXT       CODE
 1C694H 1C6C8H 00035H C4_WAIT_TEXT       CODE
 1C6C9H 1C7B6H 000EEH C5_BAUD_TEXT       CODE
 1C7B7H 1C8F5H 0013FH C5_COMN_TEXT       CODE
 1C8F6H 1C910H 0001BH C5_ISCOM_TEXT      CODE
 1C911H 1C91DH 0000DH C5_OE_TEXT         CODE
 1C91EH 1C986H 00069H C5_READ_TEXT       CODE
 1C987H 1CA49H 000C3H C5_TOCOM_TEXT      CODE
 1CA4AH 1D145H 006FCH C5_UART_TEXT       CODE
 1D146H 1D17AH 00035H C5_WAIT_TEXT       CODE
 1D17BH 1D268H 000EEH C6_BAUD_TEXT       CODE
 1D269H 1D3A7H 0013FH C6_COMN_TEXT       CODE
 1D3A8H 1D3C2H 0001BH C6_ISCOM_TEXT      CODE
 1D3C3H 1D3CFH 0000DH C6_OE_TEXT         CODE
 1D3D0H 1D438H 00069H C6_READ_TEXT       CODE
 1D439H 1D4FBH 000C3H C6_TOCOM_TEXT      CODE
 1D4FCH 1DBF7H 006FCH C6_UART_TEXT       CODE
 1DBF8H 1DC2CH 00035H C6_WAIT_TEXT       CODE
 1DC2DH 1DD1AH 000EEH C7_BAUD_TEXT       CODE
 1DD1BH 1DE59H 0013FH C7_COMN_TEXT       CODE
 1DE5AH 1DE74H 0001BH C7_ISCOM_TEXT      CODE
 1DE75H 1DE81H 0000DH C7_OE_TEXT         CODE
 1DE82H 1DEEAH 00069H C7_READ_TEXT       CODE
 1DEEBH 1DFADH 000C3H C7_TOCOM_TEXT      CODE
 1DFAEH 1E6A9H 006FCH C7_UART_TEXT       CODE
 1E6AAH 1E6DEH 00035H C7_WAIT_TEXT       CODE
 1E6DFH 1E6E9H 0000BH DI1_TEXT           CODE
 1E6EAH 1E701H 00018H SETDO1_TEXT        CODE
 1E702H 1E70BH 0000AH DI2_TEXT           CODE
 1E70CH 1E723H 00018H SETDO2_TEXT        CODE
 1E724H 1E763H 00040H HEXASCII_TEXT      CODE
 1E770H 20EE6H 02777H EMU_PROG           CODE
 20EF0H 214B7H 005C8H E87_PROG           CODE
 214C0H 214C0H 00000H _FARDATA           FAR_DATA
 214C0H 214C0H 00000H _FARBSS            FAR_BSS
 214C0H 214C0H 00000H _OVERLAY_          OVRINFO
 214C0H 214C0H 00000H _1STUB_            STUBSEG
 214C0H 29C35H 08776H _DATA              DATA
 29C36H 29C39H 00004H _CVTSEG            DATA
 29C3AH 29C45H 0000CH _SCNSEG            DATA
 29C46H 29C46H 00000H _CONST             CONST
 29C46H 29C5DH 00018H _INIT_             INITDATA
 29C5EH 29C5EH 00000H _INITEND_          INITDATA
 29C5EH 29C63H 00006H _EXIT_             EXITDATA
 29C64H 29C64H 00000H _EXITEND_          EXITDATA
 29C64H 2CE65H 03202H _BSS               BSS
 2CE66H 2CE66H 00000H _BSSEND            BSSEND
 2CE70H 2CF7FH 00110H _STACK             STACK

  Address         Publics by Name

 214C:0000       DATASEG@
 0000:0260       DGROUP@
 1E77:2152       e086_Entry
 1E77:26E0       e086_Shortcut
 20EF:0306       e087_Entry
 20EF:03C6       e087_Shortcut
 20EF:0430       e087_Trap
 190F:0032       EE_BITWRITE
 190F:0112       EE_INITWRITEMODE
 190F:00BE       EE_WRITEBYTE
 0000:FE32  Abs  FIARQQ
 0000:0E32  Abs  FICRQQ
 0000:5C32  Abs  FIDRQQ
 0000:1632  Abs  FIERQQ
 0000:0632  Abs  FISRQQ
 0000:A23D  Abs  FIWRQQ
 0000:4000  Abs  FJARQQ
 0000:C000  Abs  FJCRQQ
 0000:8000  Abs  FJSRQQ
 0000:1048       FTOL@
 0000:1048       F_FTOL@
 0000:029A       F_LDIV@
 0000:02A9       F_LMOD@
 0000:02A1       F_LUDIV@
 0000:02B1       F_LUMOD@
 0000:0348       F_LXLSH@
 0000:0264       F_LXMUL@
 0000:0369       F_LXRSH@
 0000:0389       F_LXURSH@
 0000:2786       F_OVERFLOW@
 0000:1137       F_PADD@
 0000:1166       F_PSUB@
 0000:027B       F_SCOPY@
 0000:029A       LDIV@
 0000:02A9       LMOD@
 0000:02A1       LUDIV@
 0000:02B1       LUMOD@
 0000:0348       LXLSH@
 0000:0264       LXMUL@
 0000:0369       LXRSH@
 0000:0389       LXURSH@
 0000:0297       N_LDIV@
 0000:02A6       N_LMOD@
 0000:029E       N_LUDIV@
 0000:02AE       N_LUMOD@
 0000:0345       N_LXLSH@
 0000:147A       N_LXMUL@
 0000:0366       N_LXRSH@
 0000:0386       N_LXURSH@
 0000:2786       N_OVERFLOW@
 0000:1134       N_PADD@
 0000:1491       N_PCMP@
 0000:1163       N_PSUB@
 0000:14B2       N_SCOPY@
 0000:2786       OVERFLOW@
 0000:1137       PADD@
 0000:1166       PSUB@
 0000:027B       SCOPY@
 1880:0007       SHOW5DIGITLED
 1882:0001       SHOW5DIGITLEDWITHDOT
 1883:000D       WRITE_TO_7219
 0000:0249       _abort
 214C:3EE5       _adate00
 214C:B758       _adate11
 214C:9CC4       _addr
 214C:9CB8       _addr0
 214C:1228       _AddrHost
 214C:3F37       _AddrSlv
 214C:4233       _AddrSlv2
 214C:4243       _AddrSlv3
 214C:127C       _adr_strt
 214C:3EDF       _ahour00
 214C:4B33       _alpha_LVL
 214C:4B57       _alpha_Tank
 214C:1264       _amount_f
 214C:B736       _ar_str
 214C:9C84       _ar_str0_
 1E72:0004       _ascii_to_hex
 0000:2AA1       _asctime
 0000:1074       _atexit
 0000:280D       _atoi
 0000:2798       _atol
 214C:267E       _bas_1
 214C:20E8       _baud
 214C:122C       _BaudHost
 214C:00EC       _baudrate_val
 214C:7E87       _bCtsChanged_1
 214C:7EF9       _bCtsChanged_5
 214C:7F3B       _bCtsChanged_6
 214C:7F7D       _bCtsChanged_7
 214C:4BE7       _Beg_tct
 214C:B77C       _bf_Slv
 214C:7E9E       _bGetBreak_1
 214C:7ECE       _bGetBreak_2
 214C:7E19       _bGetBreak_3
 214C:7E61       _bGetBreak_4
 214C:7F10       _bGetBreak_5
 214C:7F52       _bGetBreak_6
 214C:7F94       _bGetBreak_7
 214C:7ED4       _bMsrChanged
 214C:7EA4       _bMsrChanged_1
 214C:7F16       _bMsrChanged_5
 214C:7F58       _bMsrChanged_6
 214C:7F9A       _bMsrChanged_7
 214C:7C12       _bNeedSetSpeed
 214C:3CA3       _Bot_time
 214C:87FA       _BufferMmiPrintf
 214C:9D22       _buf_eep
 214C:B598       _buf_tmp
 214C:5779       _buf_tmp11
 214C:B668       _buf_tmpSR
 214C:A528       _buf_xyz
 214C:7E90       _bUseXonXoff_1
 214C:7DF9       _bUseXonXoff_3
 214C:7E41       _bUseXonXoff_4
 214C:7F02       _bUseXonXoff_5
 214C:7F44       _bUseXonXoff_6
 214C:7F86       _bUseXonXoff_7
 214C:4A29       _ButanIP
 214C:49CD       _ButanP
 214C:485D       _ButGas
 214C:48B9       _ButIGas
 214C:4749       _ButILiq
 214C:46ED       _ButLiq
 214C:7C3A       _bWrite
 214C:3CAB       _byte_timout_rtu
 214C:3F61       _byte_timout_slv
 214C:9893       _cb_COM
 18D9:0004       _CheckCpuSpeed
 1B7A:017B       _CheckInputBufSize_1
 1CA4:017F       _CheckInputBufSize_5
 1D4F:0181       _CheckInputBufSize_6
 1DFA:0183       _CheckInputBufSize_7
 1B7A:0165       _CheckXonXoff_1
 1A11:00E5       _CheckXonXoff_3
 1AC7:00DB       _CheckXonXoff_4
 1CA4:0169       _CheckXonXoff_5
 1D4F:016B       _CheckXonXoff_6
 1DFA:016D       _CheckXonXoff_7
 214C:3C99       _chg_new
 214C:3C91       _chg_nn_par
 214C:3C95       _chg_old
 19B1:0002       _Chk_Port
 214C:1C84       _chr_id
 19E5:021F       _ClearCom_DMA_3
 1A9A:0225       _ClearCom_DMA_4
 1B7A:0039       _ClearTxBuffer_1
 1C21:0015       _ClearTxBuffer_2
 1A11:0040       _ClearTxBuffer_3
 1AC7:0036       _ClearTxBuffer_4
 1CA4:003D       _ClearTxBuffer_5
 1D4F:003F       _ClearTxBuffer_6
 1DFA:0041       _ClearTxBuffer_7
 1878:0009       _ClockHigh
 1879:0005       _ClockHighLow
 1879:0015       _ClockHighLow_1
 187C:0002       _ClockLow
 214C:0D91       _CLP0
 214C:0210       _CL_MassP
 214C:020A       _cl_t_c
 214C:0206       _cl_val_c
 214C:0214       _CL_VolP
 214C:41A9       _CMD_IN
 214C:4217       _CMD_OUT
 214C:4225       _CMD_OUT2
 214C:4219       _CMD_OUT_p
 214C:3F2D       _CMD_REG
 214C:2058       _cm_baud
 214C:9CCE       _cm_lgth
 214C:9CCC       _cm_parity
 214C:9CCA       _cm_stop
 214C:23CA       _cnt_after
 214C:09C9       _cnt_flt_MMI
 214C:3F39       _cod_float
 214C:7E68       _ComBase_1
 214C:7EAA       _ComBase_2
 214C:7EDA       _ComBase_5
 214C:7F1C       _ComBase_6
 214C:7F5E       _ComBase_7
 214C:00B0       _ComBaud
 214C:4197       _ComBaudSlv
 214C:4235       _ComBaudSlv2
 214C:4245       _ComBaudSlv3
 214C:7E01       _ComData7_3
 214C:7E49       _ComData7_4
 214C:7E6E       _ComErr_1
 214C:7EB0       _ComErr_2
 214C:7EE0       _ComErr_5
 214C:7F22       _ComErr_6
 214C:7F64       _ComErr_7
 214C:7E91       _ComFcr_1
 214C:7EC1       _ComFcr_2
 214C:7F03       _ComFcr_5
 214C:7F45       _ComFcr_6
 214C:7F87       _ComFcr_7
 214C:7E96       _ComInCount_1
 214C:7EC6       _ComInCount_2
 214C:7F08       _ComInCount_5
 214C:7F4A       _ComInCount_6
 214C:7F8C       _ComInCount_7
 214C:7E9A       _ComOutCount_1
 214C:7ECA       _ComOutCount_2
 214C:7F0C       _ComOutCount_5
 214C:7F4E       _ComOutCount_6
 214C:7F90       _ComOutCount_7
 214C:468D       _CompG
 214C:1230       _ComPortEcho
 214C:122A       _ComPortHost
 214C:3F35       _ComPortSlv
 214C:4231       _ComPortSlv2
 214C:4241       _ComPortSlv3
 214C:4681       _Composition
 214C:4685       _ComposMass
 214C:4689       _ComposMol
 214C:464B       _Compos_rcv
 214C:00E2       _ComProt
 214C:4665       _Comp_kor
 214C:40D9       _Com_Baud_Slave
 214C:4349       _Com_Baud_Slave2
 214C:434D       _Com_Baud_Slave3
 214C:00C4       _Com_lgth
 214C:419B       _Com_lgthSlv
 214C:4239       _Com_lgthSlv2
 214C:4249       _Com_lgthSlv3
 214C:00CE       _Com_parity
 214C:419D       _Com_paritySlv
 214C:423B       _Com_paritySlv2
 214C:424B       _Com_paritySlv3
 214C:95A6       _COM_que
 214C:00D8       _Com_stop
 214C:419F       _Com_stopSlv
 214C:423D       _Com_stopSlv2
 214C:424D       _Com_stopSlv3
 214C:1260       _cost_v
 0EEF:4147       _crc16
 214C:3B1A       _CRC_err
 214C:9CC2       _CRC_flag
 214C:1232       _CRC_flag_Echo
 0000:2ACC       _ctime
 214C:3AD8       _ctr_msk
 214C:7E83       _CurCTS_1
 214C:7EF5       _CurCTS_5
 214C:7F37       _CurCTS_6
 214C:7F79       _CurCTS_7
 214C:B8BA       _CurMsr
 214C:B8B8       _CurMsr_1
 214C:B8D0       _CurMsr_5
 214C:B8DC       _CurMsr_6
 214C:B8E8       _CurMsr_7
 214C:7E85       _CurRTS_1
 214C:7EF7       _CurRTS_5
 214C:7F39       _CurRTS_6
 214C:7F7B       _CurRTS_7
 214C:0218       _D1_eee
 214C:0230       _D1_eee_c
 214C:0220       _D2_eee
 214C:0238       _D2_eee_c
 214C:0228       _D3_eee
 214C:0240       _D3_eee_c
 19E5:01E3       _DataSizeInCom_DMA_3
 1A9A:01E9       _DataSizeInCom_DMA_4
 214C:8768       _daylight
 214C:01FA       _dd_max
 214C:01FE       _dd_min
 214C:953A       _dd_time
 214C:4675       _Density
 214C:9D0A       _DensLiq
 214C:0EB5       _Dens_a
 214C:0EAD       _Dens_AD
 214C:463B       _DenTotal
 214C:23A6       _dim_xyz
 214C:4501       _Dns1
 214C:4509       _Dns2
 214C:4511       _Dns3
 214C:0E97       _do1_t
 214C:0E99       _do2_t
 214C:7E92       _DoInputData_1
 214C:7EC2       _DoInputData_2
 214C:7F04       _DoInputData_5
 214C:7F46       _DoInputData_6
 214C:7F88       _DoInputData_7
 214C:1E16       _dsc_tmp
 214C:2430       _ds_ag
 214C:2492       _ds_agp
 214C:198E       _ds_al
 214C:193A       _ds_at
 214C:1C98       _ds_bid
 214C:1F78       _ds_br
 214C:205C       _ds_cm
 214C:2274       _ds_com
 214C:1FB0       _ds_cp
 214C:1CF0       _ds_de
 214C:2094       _ds_dev
 214C:1822       _ds_dm
 214C:2124       _ds_dnm
 214C:214E       _ds_dtc
 214C:2282       _ds_echo
 214C:1E50       _ds_flch
 214C:1E26       _ds_fle
 214C:22A0       _ds_fls
 214C:2310       _ds_fls2
 214C:2356       _ds_fls3
 214C:2404       _ds_fvar
 214C:1A9A       _ds_gn
 214C:18BC       _ds_hm
 214C:1CC2       _ds_id
 214C:1DEC       _ds_io
 214C:1DD0       _ds_ioch
 214C:23F4       _ds_ivar
 214C:216A       _ds_lim
 214C:3C81       _ds_list
 214C:0248       _ds_list1
 214C:18A0       _ds_mki
 214C:1868       _ds_mko
 214C:1884       _ds_mks
 214C:20EC       _ds_mod
 214C:24AE       _ds_ns
 214C:19E2       _ds_off
 214C:17B8       _ds_par
 214C:180C       _ds_pass
 214C:1E34       _ds_pda
 214C:1EDE       _ds_pdda
 214C:1EEE       _ds_pddl
 214C:1F08       _ds_pddp
 214C:1ED0       _ds_pdl
 214C:1F6A       _ds_pdn
 214C:1AE0       _ds_PMP
 214C:1B88       _ds_PMPa
 214C:1BB2       _ds_PMPo
 214C:1C16       _ds_rmvd
 214C:1830       _ds_scan
 214C:2020       _ds_sct
 214C:22CA       _ds_slv
 214C:232C       _ds_slv2
 214C:2372       _ds_slv3
 214C:1A60       _ds_str
 214C:1FE8       _ds_trtu
 214C:2414       _ds_var
 214C:2266       _ds_wins
 214C:1C36       _ds_wmvd
 214C:1C52       _ds_wmvds
 214C:1CD4       _ds_wmvf
 214C:17F0       _ds_zp
 214C:B76C       _D_Etan
 214C:B770       _D_Etan100
 214C:3F25       _d_fl_offs
 214C:3F23       _d_fl_seg
 214C:1EEC       _d_lst
 214C:0EA3       _D_ref
 214C:1222       _EchoComN
 18E6:0001       _EE1024_MultiRead
 18F2:0002       _EE1024_MultiWrite
 18FF:000C       _EE1024_RandomRead
 1907:000D       _EE1024_RandomWrite
 18FB:000C       _EE1024_ReadNext
 214C:7C2A       _EE1_MultiRead
 214C:7C32       _EE1_MultiWrite
 214C:7C22       _EE1_RandomRead
 214C:7C2E       _EE1_RandomWrite
 214C:7C26       _EE1_ReadNext
 214C:269A       _eee_num
 214C:7C40       _EepAddrOffset
 214C:7C3E       _EepBlockOffset
 214C:A524       _Eeprom_summ
 214C:7C3C       _EepType
 214C:7C1E       _EE_ClockHighLow
 214C:26AA       _EE_Dat
 214C:7C38       _EE_Err
 214C:269C       _ee_lgth_byte
 214C:2DB2       _ee_members
 193E:0004       _EE_MultiRead
 196D:0031       _EE_MultiRead_L
 1948:0002       _EE_MultiWrite
 194F:0000       _EE_MultiWrite_A
 196D:0001       _EE_MultiWrite_L
 214C:9CB2       _ee_nn
 214C:9CAE       _ee_nn1
 1960:0007       _EE_RandomRead
 1967:000A       _EE_RandomWrite
 190F:0089       _EE_ReadAck
 190F:00E5       _EE_ReadByte
 195C:0007       _EE_ReadNext
 190F:00A7       _EE_SendAck
 190F:0054       _EE_Start
 190F:0077       _EE_Stop
 214C:9C80       _ee_tmp
 214C:9C7C       _ee_tmp1
 1925:000E       _EE_WriteEnable
 1924:0007       _EE_WriteProtect
 214C:011E       _EmptPage
 214C:8562       _environ
 214C:956C       _en_bot
 0000:3192       _eof
 214C:007F       _errno
 214C:7DFA       _err_3
 214C:7E42       _err_4
 214C:47A5       _EtanGas
 214C:4915       _EtanP
 0000:10F9       _exit
 0000:22BB       _farfree
 0000:23CF       _farmalloc
 0000:2533       _farrealloc
 214C:7C44       _fCheck
 214C:0EBD       _FctBern
 214C:7E7F       _fCtsControlMode_1
 214C:7EF1       _fCtsControlMode_5
 214C:7F33       _fCtsControlMode_6
 214C:7F75       _fCtsControlMode_7
 214C:1E22       _fct_delay
 214C:1E1E       _fct_offs
 0000:1380       _feof
 0000:138F       _ferror
 044C:38AD       _ffgets_com_ICP
 0EEF:96E1       _ffgets_com_PMP
 0EEF:3FE0       _ffgets_com_rtu
 08D0:0960       _ffgets_host
 08D0:01AC       _ffgets_no_com_ICP
 0EEF:6AB6       _ffgets_Slv2RTU
 0EEF:5F7A       _ffgets_SlvRTU
 0000:3209       _fflush
 214C:01CE       _ff_answ_com
 214C:01E2       _ff_answ_flt
 214C:01BA       _ff_gets_com
 214C:9CBA       _FF_par
 214C:168A       _ff_putch
 214C:01B6       _ff_serv
 214C:0EC5       _ff_serv_N
 214C:3F29       _ff_Slv
 214C:422B       _ff_Slv2
 0EEF:6760       _ff_we_slv
 0000:355C       _fgetc
 0000:364A       _fgetchar
 214C:269E       _fict_ftmp
 214C:26A6       _fict_int1
 214C:26A2       _fict_itmp
 214C:0D7B       _fict_long
 214C:0E53       _fict_npn
 214C:26A4       _fict_sv
 214C:41C3       _FlagNewDT
 214C:014C       _FlagWinSum
 214C:465F       _flag_20C
 214C:0EAB       _flag_AD
 214C:3AD6       _Flag_bot
 214C:3C7B       _flag_chg
 214C:123A       _flag_Deb
 214C:1238       _flag_echo_host
 214C:2698       _flag_en_er
 214C:09C7       _flag_fn
 214C:009A       _flag_fst_gun
 214C:3AC0       _Flag_f_corr
 214C:014E       _flag_H
 214C:123C       _flag_host_send
 214C:26A8       _flag_Hst
 214C:3CA9       _flag_Hst_1
 214C:3AC2       _flag_mass
 214C:4C0F       _flag_maxV
 214C:2520       _flag_print_licp
 214C:0144       _flag_prn
 214C:421B       _Flag_rd_cmd
 214C:3F2F       _flag_Slv
 214C:422F       _flag_Slv2
 214C:423F       _flag_Slv3
 214C:3F5D       _flag_slvrtu
 214C:3CA7       _flag_Slv_1
 1979:0019       _FlashCmd
 1973:0001       _FlashErase
 214C:7C48       _FlashId
 1979:0106       _FlashReadId
 1979:0032       _FlashResetToReadMode
 214C:7C4A       _FlashSize
 1979:0003       _FlashUnlock
 1990:0006       _FlashWrite
 214C:3EC5       _flash_offset
 214C:ACF8       _Flash_ptr
 214C:3EC3       _flash_seg
 214C:9CD8       _fle
 214C:3ABE       _flg_ch
 0000:32D6       _flushall
 214C:3A82       _fl_bl_out
 214C:4CD9       _Fl_ch_mm
 214C:0C91       _FL_err
 214C:1C7C       _fl_id
 214C:1C80       _fl_id1
 214C:0094       _fl_inv_out
 214C:08AD       _fl_mmi_new
 214C:08AF       _fl_mmi_new1
 214C:3F5F       _fl_slv_out
 214C:23A0       _fl_trace
 214C:23A8       _fl_trace_loop
 214C:229E       _fl_wr_eee
 214C:3A8C       _fl_zeroing
 214C:08C9       _fn_MMI
 214C:08BD       _font_arr
 0000:3318       _fprintf
 0000:3749       _fputc
 0000:38DC       _fputchar
 0000:22BB       _free
 214C:7E81       _fRtsControlMode_1
 214C:7EF3       _fRtsControlMode_5
 214C:7F35       _fRtsControlMode_6
 214C:7F77       _fRtsControlMode_7
 0000:33B6       _fseek
 044C:2530       _fstin
 214C:87F8       _fst_beg
 214C:09D3       _fst_in_n
 214C:09D1       _fst_n
 214C:984C       _fst_str
 0000:3436       _ftell
 214C:3A7A       _ftmp_DP
 0EEF:5B8F       _fun_tim_u
 08D0:02C3       _f_123
 044C:2DBF       _f_7060
 044C:37FC       _f_7060_Flt
 044C:32D9       _f_7060_rd
 0EEF:3E0A       _f_after_MMI
 0EEF:6876       _f_alm_stop
 08D0:1E15       _f_ans_Licp_cfg
 08D0:1F2E       _f_ans_Licp_Flt
 0EEF:694F       _f_Baud_slv
 0EEF:76CF       _f_Baud_slv2
 0EEF:3DEE       _f_before_MMI
 08D0:2766       _f_bridge_24
 08D0:27C4       _f_bridge_34
 0EEF:68C6       _f_CE_slv
 044C:3A2B       _f_check_crc_ICP
 0EEF:95E1       _f_check_crc_PMP
 0EEF:41B4       _f_check_crc_RTU
 08D0:2871       _f_check_id
 0EEF:40AB       _f_chg_toRTU
 08D0:6011       _f_chk_EEE_CRC
 044C:1DFE       _f_clr_scr_c_MMI
 044C:1DB5       _f_clr_scr_MMI
 044C:3D43       _f_cl_error
 0EEF:76BB       _f_cmd2_prn
 0EEF:693B       _f_cmd_prn
 0EEF:786C       _f_cnt_totals
 0EEF:8DC6       _f_count_tank
 044C:06B5       _f_cycle
 044C:071C       _f_cycle0
 044C:074E       _f_cycle1
 044C:01A8       _f_cycle_cmn
 0EEF:06AE       _f_disp_error
 08D0:0EC2       _f_dis_set
 08D0:2822       _f_dnum
 08D0:24B5       _f_drv_list
 0EEF:09CA       _f_drv_list_MMI
 0EEF:0AAD       _f_drv_stat_MMI
 0EEF:0185       _f_dsp_res
 0EEF:0001       _f_d_ESC
 08D0:5EDF       _f_ee_num_init
 044C:0FDB       _f_empty
 08D0:0484       _f_empty_ans_echo
 08D0:1DD9       _f_empty_ans_Licp
 044C:39D7       _f_empty_gets
 0EEF:66D0       _f_fls
 0EEF:7657       _f_fls2
 0EEF:5E33       _f_free_SlvBuf
 0EEF:4C43       _f_get_astr
 0EEF:7A8C       _f_get_composition
 0EEF:5B65       _f_get_dat_n
 0EEF:5A7B       _f_get_dat_s
 0EEF:79E6       _f_get_dens
 0EEF:7C09       _f_get_Dns
 0EEF:55F2       _f_get_d_dat
 0EEF:52A9       _f_get_flash_p
 044C:43A5       _f_get_float
 0EEF:97D3       _f_get_float_PMP
 0EEF:4D48       _f_get_fst_stor
 044C:3D00       _f_get_icp_error
 044C:47CB       _f_get_int
 044C:4806       _f_get_intS
 044C:4746       _f_get_long
 0EEF:9841       _f_get_long_PMP
 0EEF:4DE0       _f_get_lst_stor
 0EEF:43CC       _f_get_max_n_arch
 08D0:2565       _f_get_mod_str
 044C:0003       _f_get_nb
 0EEF:53B8       _f_get_next_seg
 0EEF:6180       _f_get_numRTU2
 0EEF:61C8       _f_get_numRTU7
 0EEF:5424       _f_get_nxt_seg
 0EEF:82B6       _f_get_PD_Etan
 0EEF:7D3E       _f_get_pressCT
 0EEF:7F36       _f_get_pressDT
 0EEF:5455       _f_get_prev_seg
 0EEF:5C32       _f_get_SlvBuf
 0EEF:5506       _f_get_time
 0EEF:5581       _f_get_time_t
 0EEF:83A1       _f_get_vol
 08D0:5E7E       _f_get_wrd
 08D0:0392       _f_host
 044C:3B52       _f_icp_error
 044C:3C2F       _f_icp_errS
 08D0:2702       _f_icp_hlp
 044C:40CE       _f_ik
 08D0:0DD9       _f_inhex
 044C:3198       _f_init_7060
 044C:4132       _f_init_mki
 08D0:0BC6       _f_innum
 044C:42EF       _f_inp7188
 08D0:2B43       _f_intr
 0EEF:6D49       _f_intr_Slv2RTU
 0EEF:620E       _f_intr_SlvRTU
 0EEF:66AB       _f_int_fnc
 0EEF:75C2       _f_int_fnc2
 08D0:0A76       _f_inw
 0EEF:666F       _f_is_float
 0EEF:7586       _f_is_float2
 0EEF:6643       _f_is_int
 0EEF:755A       _f_is_int2
 08D0:0E69       _f_lim
 08D0:19C4       _f_look_ICP
 08D0:1F52       _f_look_RTU
 08D0:5D4E       _f_menu
 0EEF:1668       _f_menu_MMI
 044C:1B4B       _f_MMI
 044C:2395       _f_mmi_err
 044C:23AB       _f_MMI_Flt
 044C:244A       _f_MMI_KBD_ans
 044C:23E7       _f_MMI_SetAns
 08D0:25E9       _f_mod_list
 0EEF:0B9F       _f_mod_list_MMI
 214C:23C0       _f_ns
 08D0:167D       _f_ns_count
 214C:2402       _f_num_var
 044C:10CE       _f_one_sec
 0EEF:002B       _f_paged3
 0EEF:8F99       _f_PMP
 0EEF:94DE       _f_PMP_Flt
 0EEF:91F8       _f_PMP_rd
 044C:3AAC       _f_prepare7000
 0EEF:4217       _f_prepareRTU
 0EEF:4276       _f_prepareRTU1
 0EEF:4EC5       _f_prepare_evt
 0EEF:9596       _f_prepare_PMP
 0EEF:5523       _f_prepare_t
 0EEF:8D39       _f_prep_VM
 0EEF:445F       _f_print_a_str
 044C:1081       _f_print_dd
 0EEF:596D       _f_print_d_str
 08D0:229F       _f_print_que
 0EEF:4496       _f_print_str_a
 0EEF:0040       _f_prn_begin
 0EEF:0535       _f_prn_CRC_error
 0EEF:062B       _f_prn_error
 0EEF:007F       _f_prn_ID
 0EEF:0CF7       _f_prn_mmi_a
 0EEF:05B3       _f_prn_proc
 0EEF:013F       _f_prn_slv1
 08D0:0440       _f_prompt
 044C:3F8D       _f_queue_chk
 044C:3DD3       _f_queue_clr
 044C:4056       _f_queue_Flt
 044C:3FD8       _f_queue_free
 044C:3DAF       _f_queue_init
 044C:3F01       _f_queue_put
 044C:15CE       _f_rd_Dns
 08D0:6106       _f_rd_eee
 0EEF:8BC4       _f_rd_tct
 08D0:5B98       _f_rep
 08D0:1C77       _f_result_Licp
 08D0:2105       _f_result_Licp_RTU
 214C:2686       _f_res_id
 044C:1E29       _f_rev_scr_MMI
 0EEF:68A3       _f_rst_slv
 08D0:03E1       _f_send_to_Host
 08D0:08B8       _f_send_to_Host_rtu
 08D0:04BB       _f_send_to_Host_sk
 044C:4367       _f_sens
 044C:4555       _f_set_float
 044C:46C6       _f_set_int
 044C:46F2       _f_set_long
 0EEF:778A       _f_set_slv
 0EEF:69EA       _f_Slave2RTU
 0EEF:6A50       _f_Slave3RTU
 0EEF:5C09       _f_SlaveRTU
 0EEF:8D08       _f_slaves
 0EEF:6787       _f_start_dlv
 0EEF:6836       _f_stop_dlv
 0EEF:68EE       _f_Stop_Pmp
 044C:1A0B       _f_store_dt
 0EEF:5ED9       _f_stor_Slv
 044C:2DAF       _f_tbl_1
 044C:0F9F       _f_timer
 044C:0FF1       _f_time_dd
 044C:418B       _f_var_i
 08D0:0000       _f_WDOG
 08D0:024E       _f_WD_end
 0EEF:673A       _f_WE_slv
 0EEF:776A       _f_WE_slv2
 08D0:5F0D       _f_wrt_eee
 0EEF:430B       _f_wr_astr
 044C:17FE       _f_wr_Dns
 0EEF:42D6       _f_wr_evt
 0EEF:8528       _f_wr_tct
 0EEF:8B39       _f_zer_tct
 0000:12C6       _getc
 0000:12F7       _getchar
 044C:0143       _getch_host
 189F:0000       _GetDate
 1E6D:000F       _GetDi1
 1E70:0002       _GetDi2
 0000:3656       _getenv
 1C21:00BD       _GetInputBufFreeSize
 1B7A:00E1       _GetInputBufFreeSize_1
 1CA4:00E5       _GetInputBufFreeSize_5
 1D4F:00E7       _GetInputBufFreeSize_6
 1DFA:00E9       _GetInputBufFreeSize_7
 18A3:000D       _GetTime
 18AA:0004       _GetTimeDate
 1B7A:0052       _GetTxBufferFreeSize_1
 1C21:002E       _GetTxBufferFreeSize_2
 1A11:004C       _GetTxBufferFreeSize_3
 1AC7:0042       _GetTxBufferFreeSize_4
 1CA4:0056       _GetTxBufferFreeSize_5
 1D4F:0058       _GetTxBufferFreeSize_6
 1DFA:005A       _GetTxBufferFreeSize_7
 189F:0032       _GetWeekDay
 0EEF:5486       _get_vdate
 214C:01AA       _ghj
 0000:2A52       _gmtime
 214C:7F9E       _hex_to_ascii
 214C:1280       _Host
 214C:12C4       _Host_Rqst
 214C:1368       _Host_Rqst_rtu
 214C:140C       _Host_Rqst_sk
 214C:1680       _host_wd_sw
 214C:4BC3       _H_Cyl_M
 214C:09D5       _I7060
 214C:87C8       _i7060it
 214C:0BFF       _I7060_fl
 214C:0BA5       _i7060_fn
 214C:9592       _i7060_inp
 214C:959E       _i7060_inph
 214C:95A2       _i7060_inpl
 214C:0BBB       _i7060_inp_err
 214C:9596       _i7060_out
 214C:958E       _i7060_outc
 214C:0BB7       _i7060_out_err
 214C:0A5D       _I7060_Rqst
 214C:0BBF       _i7060_seq
 214C:0BB1       _i7060_sw
 214C:959A       _i7060_wdf
 214C:0BA9       _I7060_wd_E
 214C:0BAD       _I7060_wd_VV
 214C:0C1B       _ICP_dd
 214C:0C51       _ICP_error
 214C:0C71       _ICP_error_c
 214C:0C93       _ICP_fict
 214C:0C4F       _icp_lst_max
 214C:AD00       _ICP_MOD
 214C:252C       _ICP_mod_fnd
 214C:9CAA       _id_i3
 214C:268A       _id_ok
 214C:41AD       _ii_LVL
 214C:B666       _ii_ret
 214C:7DDE       _In7188Buf_3
 214C:7E26       _In7188Buf_4
 214C:7DEA       _InBeginIdx_3
 214C:7E32       _InBeginIdx_4
 214C:7E77       _InBufSize_1
 214C:7EB9       _InBufSize_2
 214C:7DE6       _InBufSize_3
 214C:7E2E       _InBufSize_4
 214C:7EE9       _InBufSize_5
 214C:7F2B       _InBufSize_6
 214C:7F6D       _InBufSize_7
 214C:7E6F       _InData_1
 214C:7EB1       _InData_2
 214C:7EE1       _InData_5
 214C:7F23       _InData_6
 214C:7F65       _InData_7
 214C:7DEC       _InEndIdx_3
 214C:7E34       _InEndIdx_4
 214C:7E6A       _InInIdx_1
 214C:7EAC       _InInIdx_2
 214C:7EDC       _InInIdx_5
 214C:7F1E       _InInIdx_6
 214C:7F60       _InInIdx_7
 187D:0009       _Init5DigitLed
 1926:0006       _InitEEPROM
 18D9:00BF       _InitLib
 044C:12F1       _init_win_sum
 214C:7E6C       _InOutIdx_1
 214C:7EAE       _InOutIdx_2
 214C:7EDE       _InOutIdx_5
 214C:7F20       _InOutIdx_6
 214C:7F62       _InOutIdx_7
 214C:0E95       _INP_7188
 214C:0096       _INP_inv
 214C:0DB7       _INP_MSK_OK
 214C:0DB9       _INP_MSK_OK_L
 214C:1236       _INP_VAR
 214C:4223       _INP_VAR2
 214C:0098       _INP_VARi
 214C:0DB5       _INP_VARi0
 214C:0DB3       _INP_VAR_c
 19B2:000A       _InstallCom
 1B7A:0153       _InstallComInputData_1
 1C21:0109       _InstallComInputData_2
 1A11:00D3       _InstallComInputData_3
 1AC7:00C9       _InstallComInputData_4
 1CA4:0157       _InstallComInputData_5
 1D4F:0159       _InstallComInputData_6
 1DFA:015B       _InstallComInputData_7
 214C:7C78       _InstallCom_
 1B7A:04FA       _InstallCom_1
 1C21:02A5       _InstallCom_2
 1A11:02E5       _InstallCom_3
 1AC7:02DB       _InstallCom_4
 1CA4:04FE       _InstallCom_5
 1D4F:0500       _InstallCom_6
 1DFA:0502       _InstallCom_7
 19E5:00A4       _InstallCom_DMA_3
 1A9A:00AA       _InstallCom_DMA_4
 1997:0126       _InstallUserTimerFunction_ms
 1997:00CF       _InstallUserTimerFunction_us
 214C:169E       _intrpr
 214C:7C00       _IntVect
 214C:0DDF       _int_fict_11
 214C:0DBD       _inv_msk
 0000:11DF       _isalnum
 0000:1204       _isalpha
 0000:11F1       _isascii
 0000:139E       _isatty
 0000:1216       _iscntrl
 19BB:000D       _IsCom
 1B66:000D       _IsComOutBufEmpty_1
 1C11:0001       _IsComOutBufEmpty_2
 1A5C:000A       _IsComOutBufEmpty_3
 1B12:0000       _IsComOutBufEmpty_4
 1C91:0001       _IsComOutBufEmpty_5
 1D3C:0003       _IsComOutBufEmpty_6
 1DE7:0005       _IsComOutBufEmpty_7
 214C:7CD8       _IsCom_
 1B65:0002       _IsCom_1
 1C0F:0006       _IsCom_2
 1A0F:0006       _IsCom_3
 1AC4:000C       _IsCom_4
 1C8F:0006       _IsCom_5
 1D3A:0008       _IsCom_6
 1DE5:000A       _IsCom_7
 19E5:023E       _IsCom_DMA_3
 1A9A:0244       _IsCom_DMA_4
 0000:1228       _isdigit
 0000:123A       _isgraph
 18B6:0003       _IsLeapYear
 0000:1253       _islower
 0000:1265       _isprint
 0000:127E       _ispunct
 0000:1290       _isspace
 19C9:0006       _IsTxBufEmpty
 214C:7D78       _IsTxBufEmpty_
 1BEA:0002       _IsTxBufEmpty_1
 1C69:0004       _IsTxBufEmpty_2
 1A83:0007       _IsTxBufEmpty_3
 1B3F:0006       _IsTxBufEmpty_4
 1D14:0006       _IsTxBufEmpty_5
 1DBF:0008       _IsTxBufEmpty_6
 1E6A:000A       _IsTxBufEmpty_7
 0000:12A2       _isupper
 0000:12B4       _isxdigit
 214C:87C6       _itmp7060
 214C:9566       _itt1
 214C:9564       _itt2
 214C:9562       _itt3
 214C:9560       _itt4
 214C:87A4       _iv_msk
 214C:953E       _i_empty
 214C:956A       _i_ish
 214C:41AB       _i_LVL
 214C:23A2       _i_nn
 214C:239C       _i_nn_d
 214C:23F2       _i_num_var
 214C:3C8D       _k_ext
 214C:3C8F       _k_ext1
 214C:0E9B       _K_mul_F
 214C:B760       _k_mv_tmp
 214C:3ACA       _k_m_flow
 214C:3AC6       _k_v_flow
 214C:3F3D       _Last_evt
 214C:0150       _last_out
 187C:000E       _LedToggle
 214C:ACFE       _licp_addr
 214C:2526       _licp_amax
 214C:2528       _licp_crc_flag
 214C:ACFC       _licp_fnd
 214C:2522       _licp_port
 214C:2536       _LICP_Rqst
 214C:25DA       _LICP_Rqst_RTU
 214C:251E       _licp_sw
 214C:252A       _licp_t_conf
 214C:41BF       _LIn_val
 214C:3B2E       _list1_dsr
 214C:268C       _list_mnu
 214C:23D4       _list_ns
 214C:23E8       _list_ns_type
 214C:1274       _list_pt
 214C:42C9       _list_Slv2_flt
 214C:4261       _list_Slv2_int
 214C:4351       _list_Slv2_lng
 214C:3FB5       _list_Slv_flt
 214C:3F69       _list_Slv_int
 214C:40E1       _list_Slv_lng
 214C:3AFE       _list_un_mmi
 214C:9CA6       _lng_chr
 0000:2A6B       _localtime
 19AC:0008       _LongDiv
 214C:40DD       _long_slv
 214C:7E4F       _LossCnt_0_4
 214C:7E0B       _LossCnt_1_3
 214C:7E53       _LossCnt_1_4
 214C:7E0F       _LossCnt_2_3
 214C:7E57       _LossCnt_2_4
 214C:7E07       _LossCnt__3
 0000:1451       _lseek
 214C:7EA6       _LsrError_1
 214C:7ED6       _LsrError_2
 214C:7F18       _LsrError_5
 214C:7F5A       _LsrError_6
 214C:7F9C       _LsrError_7
 214C:B780       _ltime
 214C:B784       _ltime0
 214C:954C       _ltt1
 214C:9548       _ltt2
 214C:9544       _ltt3
 214C:9540       _ltt4
 214C:4C0B       _lvl_mm
 214C:4D23       _Lvl_offs
 214C:4CD5       _lvl_rab
 044C:0799       _main
 0000:23C5       _malloc
 214C:4643       _MassGRK
 214C:3A84       _MassStamp
 214C:4633       _MassTotal
 214C:41FB       _Mass_kd
 214C:7BE0       _MaxDay
 214C:0824       _max_list1
 214C:3C7F       _max_par
 214C:3F0F       _mdat
 214C:3EFD       _mdat0
 0000:36C6       _memcpy
 0000:370E       _memset
 214C:181E       _mem_ptr
 214C:3EEB       _mhour00
 0000:2C75       _mktime
 214C:08CB       _MMI
 044C:1FA3       _MmiCursorOff
 044C:1B0C       _MmiGetch
 044C:1FC0       _MmiGotoxy
 044C:1AF0       _MmiKbhit
 214C:887A       _mmikey
 214C:084B       _mmikeycode
 044C:20A2       _MmiPrintf
 044C:1FE0       _MmiPutch
 044C:201D       _MmiPuts
 044C:1F86       _MmiShowCursor
 214C:08C5       _mmix
 214C:08C7       _mmiy
 214C:3C79       _mmi_com
 214C:3C71       _mmi_flag
 214C:0118       _MMI_inp_err
 214C:09CB       _mmi_key_in
 214C:09CD       _mmi_key_out
 214C:011A       _MMI_out_err
 214C:3C6E       _mmi_point
 214C:3C6F       _mmi_prm
 214C:090F       _MMI_Rqst
 214C:3C77       _mmi_str
 214C:986B       _MMI_str
 214C:08AB       _mmi_sw
 214C:084A       _mn_fnt
 214C:3A7E       _mode_hst
 214C:3B1C       _mode_prn
 044C:1F27       _MoveToXY
 214C:0C03       _msk4
 214C:0C13       _msk8
 214C:0E2D       _msk_ik
 214C:123E       _msk_int
 214C:9CDA       _mvd
 214C:1C0E       _mvd_reg_n
 214C:1C12       _mvd_reg_q
 214C:4671       _M_Butan
 214C:4669       _M_Etan
 214C:466D       _M_Propan
 214C:7E8E       _NeedXoff_1
 214C:7DF7       _NeedXoff_3
 214C:7E3F       _NeedXoff_4
 214C:7F00       _NeedXoff_5
 214C:7F42       _NeedXoff_6
 214C:7F84       _NeedXoff_7
 214C:41C7       _New_Dens1
 214C:41DF       _New_Dens1c
 214C:41CF       _New_Dens2
 214C:41E7       _New_Dens2c
 214C:41D7       _New_Dens3
 214C:41EF       _New_Dens3c
 214C:41CB       _New_Temp1
 214C:41E3       _New_Temp1c
 214C:41D3       _New_Temp2
 214C:41EB       _New_Temp2c
 214C:41DB       _New_Temp3
 214C:41F3       _New_Temp3c
 214C:08B5       _nm_stamp
 214C:08B9       _nm_time
 214C:9CB6       _nn
 214C:3C7D       _nn_chg
 214C:41A5       _nn_comb
 214C:1A98       _nn_rsv
 214C:23D0       _ns_fict
 214C:23CC       _ns_fictf
 19BB:000A       _NullIsCom
 214C:020E       _num_clp_sv
 214C:0D93       _num_in1
 214C:0DA5       _num_in10
 214C:0DA7       _num_in11
 214C:0DA9       _num_in12
 214C:0DAB       _num_in13
 214C:0DAD       _num_in14
 214C:0DAF       _num_in15
 214C:0D95       _num_in2
 214C:0D97       _num_in3
 214C:0D99       _num_in4
 214C:0D9B       _num_in5
 214C:0D9D       _num_in6
 214C:0D9F       _num_in7
 214C:0DA1       _num_in8
 214C:0DA3       _num_in9
 214C:4AF9       _num_out1
 214C:4AFB       _num_out2
 214C:0D85       _num_out3
 214C:0D87       _num_out4
 214C:0D89       _num_out5
 214C:0D8B       _num_out6
 214C:0D8D       _num_out7
 214C:0D8F       _num_out8
 214C:3C73       _num_page
 214C:0E55       _num_pnt
 214C:3C9D       _n_adc_mm
 214C:01AC       _n_bcom
 214C:9CD6       _n_beg
 214C:9CD2       _n_dnn
 214C:9CD4       _n_end
 214C:3F33       _n_GRK_a
 214C:2682       _n_id
 214C:1ECE       _n_lst
 214C:41A7       _n_max_rcv
 214C:4631       _n_max_rcv2
 214C:3F31       _n_res_a
 214C:0C0B       _n_sht4
 214C:0C17       _n_sht8
 214C:4361       _n_sl2_flt
 214C:4365       _n_sl2_flt0
 214C:4363       _n_sl2_flt1
 214C:42C5       _n_sl2_int
 214C:42C7       _n_sl2_int1
 214C:435D       _n_sl2_lng
 214C:435F       _n_sl2_lng1
 214C:40F1       _n_sl_flt
 214C:40F5       _n_sl_flt0
 214C:40F3       _n_sl_flt1
 214C:3FB1       _n_sl_int
 214C:3FB3       _n_sl_int1
 214C:40ED       _n_sl_lng
 214C:40EF       _n_sl_lng1
 214C:4B21       _n_TCT
 214C:1226       _offset
 214C:1E1A       _offs_cor
 214C:7DFD       _OldVectA
 214C:7E45       _OldVectB
 214C:0202       _one_sec_time
 214C:7DE2       _Out7188Buf_3
 214C:7E2A       _Out7188Buf_4
 214C:7DEE       _OutBeginIdx_3
 214C:7E36       _OutBeginIdx_4
 214C:7E79       _OutBufSize_1
 214C:7EBB       _OutBufSize_2
 214C:7DE8       _OutBufSize_3
 214C:7E30       _OutBufSize_4
 214C:7EEB       _OutBufSize_5
 214C:7F2D       _OutBufSize_6
 214C:7F6F       _OutBufSize_7
 214C:7E73       _OutData_1
 214C:7EB5       _OutData_2
 214C:7EE5       _OutData_5
 214C:7F27       _OutData_6
 214C:7F69       _OutData_7
 214C:7DF0       _OutEndIdx_3
 214C:7E38       _OutEndIdx_4
 214C:7E7B       _OutInIdx_1
 214C:7EBD       _OutInIdx_2
 214C:7EED       _OutInIdx_5
 214C:7F2F       _OutInIdx_6
 214C:7F71       _OutInIdx_7
 214C:7E7D       _OutOutIdx_1
 214C:7EBF       _OutOutIdx_2
 214C:7EEF       _OutOutIdx_5
 214C:7F31       _OutOutIdx_6
 214C:7F73       _OutOutIdx_7
 214C:3F65       _out_delay_slv
 214C:1234       _OUT_VAR
 214C:4221       _OUT_VAR2
 214C:0DB1       _OUT_VARi0
 214C:0DBB       _OUT_VAR_c
 214C:0BB5       _OUT_VAR_c_r
 214C:3ABC       _PageD
 214C:08B1       _page_MMI
 214C:08B3       _page_MMI_c
 214C:17A8       _par1
 214C:17AC       _par2
 214C:17B0       _par3
 214C:17B4       _par4
 214C:3ACE       _pass1
 214C:3AD2       _pass2
 214C:3C89       _PassW
 214C:3C85       _Password
 214C:B75E       _pass_cnt
 214C:3AC4       _pass_ret
 214C:9CD0       _pdn_tmp
 214C:4653       _PermMinus
 214C:464F       _PermPlus
 214C:4F3F       _PMP
 214C:4CFF       _PMP_ADDR
 214C:5767       _PMP_inp_err
 214C:51A3       _PMP_Rqst
 214C:4407       _PMP_sw
 214C:9CC0       _pool_time
 214C:9CC6       _port
 0000:103D       _pow10
 214C:4AB1       _prc10
 214C:4AD5       _prc90
 214C:41FF       _Press1
 214C:4203       _Press2
 214C:420F       _Press3
 1B12:000D       _printCom_4
 044C:275F       _PrintMmiOp
 08D0:14F7       _PrintOp
 214C:4AA9       _proc10
 214C:4AAD       _proc90
 214C:9D12       _Prod_lvl
 214C:4971       _PropanP
 214C:4801       _PropGas
 214C:4691       _PropLiq
 214C:7C42       _ProtectMode
 0000:1319       _putc
 08D0:5DC7       _putch2
 08D0:5E09       _putch4
 0000:1353       _putchar
 044C:016F       _puts_host
 214C:B768       _P_Etan
 214C:0DE1       _p_ik
 214C:181A       _p_mem
 214C:7E03       _Rcnt_3
 214C:7E4B       _Rcnt_4
 214C:3ECD       _rcv_m
 214C:3ED5       _Rcv_m
 214C:3B1E       _rcv_mm
 214C:3B26       _Rcv_mm
 19BE:0003       _ReadCom
 19E5:012F       _ReadComn_DMA_3
 1A9A:0135       _ReadComn_DMA_4
 214C:7CF8       _ReadCom_
 1B67:000A       _ReadCom_1
 1C11:000E       _ReadCom_2
 1A5D:0007       _ReadCom_3
 1B16:0006       _ReadCom_4
 1C91:000E       _ReadCom_5
 1D3D:0000       _ReadCom_6
 1DE8:0002       _ReadCom_7
 19E5:024D       _ReadCom_DMA_3
 1A9A:0253       _ReadCom_DMA_4
 18A7:0000       _ReadNVRAM
 1887:006E       _ReadRTC
 1887:00EA       _ReadRTC_Burst
 0000:252C       _realloc
 214C:7E8D       _ReceiveXoff_1
 214C:7DF6       _ReceiveXoff_3
 214C:7E3E       _ReceiveXoff_4
 214C:7EFF       _ReceiveXoff_5
 214C:7F41       _ReceiveXoff_6
 214C:7F83       _ReceiveXoff_7
 1876:000F       _RefreshWDT
 214C:421F       _Reg_err
 214C:4229       _Reg_err2
 214C:421D       _Reg_State
 214C:4227       _Reg_State2
 214C:7BFC       _ResetMode
 19B9:0004       _RestoreCom
 214C:7CB8       _RestoreCom_
 1B7A:066A       _RestoreCom_1
 1C21:03EC       _RestoreCom_2
 1A11:0416       _RestoreCom_3
 1AC7:040C       _RestoreCom_4
 1CA4:066E       _RestoreCom_5
 1D4F:0670       _RestoreCom_6
 1DFA:0672       _RestoreCom_7
 214C:0D83       _result_dlv
 214C:B732       _retf_iii
 214C:B734       _retf_seg
 214C:B730       _retl_offs
 214C:3EDD       _retl_seg
 214C:955C       _rltt1
 214C:9558       _rltt2
 214C:9554       _rltt3
 214C:9550       _rltt4
 214C:4409       _RQ2
 214C:0CD7       _Rqst_fict
 214C:0EC1       _R_MVD
 214C:B660       _S1D
 044C:28E6       _ScanfMmiOp
 214C:015A       _scom_tim
 214C:8F6A       _ScrBuf
 214C:899A       _ScrBuf_c
 214C:7C4C       _SectorSize256
 214C:7C58       _SectorSize512
 214C:4BF9       _Sect_tct
 214C:1224       _seg
 044C:210E       _SendToMMI
 214C:7E8F       _SendXoff_1
 214C:7DF8       _SendXoff_3
 214C:7E40       _SendXoff_4
 214C:7F01       _SendXoff_5
 214C:7F43       _SendXoff_6
 214C:7F85       _SendXoff_7
 1A11:00FB       _Serial_Isr_3
 1AC7:00F1       _Serial_Isr_4
 044C:0C5C       _ServiceCOM
 19C0:0009       _SetBaudrate
 214C:7D18       _SetBaudrate_
 1B42:0005       _SetBaudrate_1
 1BED:0007       _SetBaudrate_2
 19D1:0000       _SetBaudrate_3
 1A86:0006       _SetBaudrate_4
 1C6C:0009       _SetBaudrate_5
 1D17:000B       _SetBaudrate_6
 1DC2:000D       _SetBaudrate_7
 0000:2700       _setblock
 1B7A:0069       _SetComFifoTriggerLevel_1
 1C21:0045       _SetComFifoTriggerLevel_2
 1CA4:006D       _SetComFifoTriggerLevel_5
 1D4F:006F       _SetComFifoTriggerLevel_6
 1DFA:0071       _SetComFifoTriggerLevel_7
 1B7A:0011       _SetComPortBufferSize_1
 1C21:0004       _SetComPortBufferSize_2
 1A11:0019       _SetComPortBufferSize_3
 1AC7:000F       _SetComPortBufferSize_4
 1CA4:0015       _SetComPortBufferSize_5
 1D4F:0017       _SetComPortBufferSize_6
 1DFA:0019       _SetComPortBufferSize_7
 1C15:000F       _SetComTimeout
 1B6E:0003       _SetComTimeout_1
 1A79:0007       _SetComTimeout_3
 1B35:0006       _SetComTimeout_4
 1C98:0007       _SetComTimeout_5
 1D43:0009       _SetComTimeout_6
 1DEE:000B       _SetComTimeout_7
 19C0:0038       _SetDataFormat
 214C:7D38       _SetDataFormat_
 1B42:0062       _SetDataFormat_1
 1BED:0064       _SetDataFormat_2
 19D1:005F       _SetDataFormat_3
 1A86:0065       _SetDataFormat_4
 1C6C:0066       _SetDataFormat_5
 1D17:0068       _SetDataFormat_6
 1DC2:006A       _SetDataFormat_7
 18B6:003F       _SetDate
 044C:20F2       _SetDisplayPage
 1E6E:000A       _SetDo1
 1E70:000C       _SetDo2
 0000:36EA       _setmem
 044C:1F0B       _SetMFont
 18CD:0008       _SetTime
 0000:3BC0       _setvbuf
 18B6:0159       _SetWeekDay
 1B7A:0006       _SetXonXoffControlMode_1
 1A11:000E       _SetXonXoffControlMode_3
 1AC7:0004       _SetXonXoffControlMode_4
 1CA4:000A       _SetXonXoffControlMode_5
 1D4F:000C       _SetXonXoffControlMode_6
 1DFA:000E       _SetXonXoffControlMode_7
 044C:1E54       _SetZone
 044C:0079       _ShowBaudrate
 044C:005D       _ShowChecksum
 044C:00FF       _ShowCom
 214C:7BCC       _ShowData
 190F:0156       _ShowEEP_setting
 044C:012B       _ShowNumber
 044C:0041       _ShowPort
 214C:7E89       _SizeToXoff_1
 214C:7DF2       _SizeToXoff_3
 214C:7E3A       _SizeToXoff_4
 214C:7EFB       _SizeToXoff_5
 214C:7F3D       _SizeToXoff_6
 214C:7F7F       _SizeToXoff_7
 214C:7E8B       _SizeToXon_1
 214C:7DF4       _SizeToXon_3
 214C:7E3C       _SizeToXon_4
 214C:7EFD       _SizeToXon_5
 214C:7F3F       _SizeToXon_6
 214C:7F81       _SizeToXon_7
 214C:1C06       _sk_reg_n
 214C:1C0A       _sk_reg_q
 214C:0826       _Sl3_time1
 214C:082A       _Sl3_time1_l
 214C:0832       _Sl3_time2
 214C:0836       _Sl3_time2_l
 214C:083E       _Sl3_time3
 214C:0842       _Sl3_time3_l
 214C:438F       _Slv2_float
 214C:4367       _Slv2_int
 214C:43DF       _Slv2_lng
 214C:4487       _Slv2_Short
 214C:44B1       _Slv2_short_lgth
 214C:44B3       _Slv2_short_max
 214C:440B       _Slv2_Slot1
 214C:44B5       _Slv2_Slot2
 214C:4519       _Slv2_Slot3
 214C:455F       _Slv2_Slot4
 214C:459F       _Slv2_Slot5
 214C:45DF       _Slv2_Slot6
 214C:4483       _Slv2_slt1_lgth
 214C:4485       _Slv2_slt1_max
 214C:44FD       _Slv2_slt2_lgth
 214C:44FF       _Slv2_slt2_max
 214C:455B       _Slv2_slt3_lgth
 214C:455D       _Slv2_slt3_max
 214C:459B       _Slv2_slt4_lgth
 214C:459D       _Slv2_slt4_max
 214C:45DB       _Slv2_slt5_lgth
 214C:45DD       _Slv2_slt5_max
 214C:462D       _Slv2_slt6_lgth
 214C:462F       _Slv2_slt6_max
 214C:3F53       _Slv_fict
 214C:3F55       _Slv_fict1
 214C:3F57       _Slv_fict2
 214C:3F59       _Slv_fict3
 214C:3F5B       _Slv_fict4
 214C:411F       _Slv_float
 214C:40F7       _Slv_int
 214C:416F       _Slv_lng
 0000:3D1B       _sprintf
 0000:3D91       _sscanf
 214C:7C46       _StartSector
 214C:4CEB       _State_PMP
 214C:3F3B       _State_SLV
 214C:424F       _State_SLV2
 214C:9CC8       _status
 214C:7E13       _status1_3
 214C:7E5B       _status1_4
 214C:7C1A       _STD_PORT
 1997:0153       _StopUserTimerFun
 0000:3DD8       _strcat
 0000:3E17       _strcmp
 0000:3E47       _strcpy
 0000:2CD5       _strftime
 0000:3E70       _strlen
 0000:3E8F       _strncpy
 0000:0C89       _strtod
 0000:3EF2       _strtoul
 214C:3AAF       _str_ESC
 214C:9CDE       _str_mvd
 214C:87D0       _str_tmp
 214C:1270       _summ_v
 214C:3F41       _sw_dlv_slv
 214C:09CF       _sw_fst
 214C:3C75       _sw_mmi
 214C:3F3F       _sw_mmi_slv
 214C:009C       _sw_ver
 214C:7C04       _SystemSerialNumber
 214C:3A90       _s_empty
 214C:3F21       _s_mode
 214C:0EC9       _s_MVD
 214C:4D47       _s_PMP
 214C:4B7B       _T0_LVL
 214C:4B9F       _T0_Tank
 214C:021C       _T1_eee
 214C:0234       _T1_eee_c
 214C:4657       _t20c
 214C:0224       _T2_eee
 214C:023C       _T2_eee_c
 214C:022C       _T3_eee
 214C:0244       _T3_eee_c
 214C:3CBF       _table_crc_hi
 214C:3DBF       _table_crc_lo
 214C:41C5       _Tank1F
 214C:3F27       _TankN
 214C:3A80       _Tank_nn
 214C:4AFD       _TCT_ARR
 214C:B774       _TCT_sz
 214C:4A85       _TCT_T1
 214C:4A89       _TCT_T2
 214C:4A8D       _TCT_T3
 214C:4A91       _TCT_T4
 214C:4A95       _TCT_T5
 214C:4A99       _TCT_T6
 214C:4A9D       _TCT_T7
 214C:4AA1       _TCT_T8
 214C:4AA5       _TCT_T9
 0000:1C6E       _tell
 214C:4207       _Temp1
 214C:420B       _Temp2
 214C:4213       _Temp3
 214C:4679       _Temperature
 214C:467D       _Temperature1
 214C:9D06       _TempLiq
 214C:463F       _TempTotal
 214C:0EB9       _Temp_a
 214C:0EB1       _Temp_AD
 214C:4661       _Temp_kor
 214C:01F6       _time1
 214C:0D7F       _TimeClear
 214C:9CBE       _timeout
 214C:7BF8       _TimeTicks
 214C:8764       _timezone
 214C:3C9F       _time_bot
 214C:0120       _time_DGM
 214C:0196       _time_rcv
 214C:0182       _time_snd
 214C:3EC7       _tim_000
 214C:B78C       _tMassI
 214C:0146       _tmp_mn0
 214C:0148       _tmp_mn1
 214C:014A       _tmp_mn2
 214C:016E       _Tm_snd
 19C6:000A       _ToCom
 19B6:0002       _ToComBufn
 214C:7C98       _ToComBufn_
 1B51:0003       _ToComBufn_1
 1BFC:0005       _ToComBufn_2
 1A64:0007       _ToComBufn_3
 1B1D:0006       _ToComBufn_4
 1C7B:0007       _ToComBufn_5
 1D26:0009       _ToComBufn_6
 1DD1:000B       _ToComBufn_7
 1B32:0006       _ToComStr_4
 214C:7D58       _ToCom_
 1B6E:000E       _ToCom_1
 1C15:001A       _ToCom_2
 1A79:0012       _ToCom_3
 1B35:0011       _ToCom_4
 1C98:0012       _ToCom_5
 1D43:0014       _ToCom_6
 1DEE:0016       _ToCom_7
 214C:09B3       _ToutAns
 214C:2524       _ToutLicpScan
 08D0:1709       _trace
 214C:7D98       _TriggerLevel
 214C:9D1A       _ttct1
 214C:9D16       _ttct2
 214C:4505       _TTmp1
 214C:450D       _TTmp2
 214C:4515       _TTmp3
 214C:984A       _ttt1
 214C:9842       _ttt1_l
 214C:9848       _ttt2
 214C:983E       _ttt2_l
 214C:9846       _ttt3
 214C:983A       _ttt3_l
 214C:9568       _ttt4
 214C:1F02       _tt_day
 214C:1F00       _tt_hour
 214C:1EFE       _tt_min
 214C:1F04       _tt_month
 214C:9CBC       _TT_par
 214C:1EFC       _tt_sec
 214C:1F06       _tt_year
 214C:B788       _tVolI
 214C:875C       _tzname
 0000:3FA6       _tzset
 214C:0E9F       _T_Ref
 214C:082E       _t_store1
 214C:083A       _t_store2
 214C:0846       _t_store3
 214C:41A1       _uk_beg_Slv
 214C:23AA       _uk_buf
 214C:41A3       _uk_fin_Slv
 214C:23AC       _uk_ns
 214C:9D1E       _ul
 214C:7C0C       _Unit_ms
 214C:7C0E       _Unit_ms1
 214C:7C10       _Unit_ms2
 214C:3AF8       _un_mmi1
 214C:3AFA       _un_mmi2
 214C:3AFC       _un_mmi3
 214C:7DFB       _UseDMA_3
 214C:7E43       _UseDMA_4
 214C:4CB1       _val_Press
 214C:4C8D       _val_Temp
 214C:3EBF       _vBIG_P
 214C:4647       _VolGRK
 214C:3A88       _VolStamp
 214C:4637       _VolTotal
 214C:1268       _volume_f
 214C:4C45       _Vol_10
 214C:4C69       _Vol_90
 214C:126C       _vol_f
 214C:41F7       _Vol_kd
 214C:4C21       _Vol_max
 0000:3D3D       _vsprintf
 0000:3DB4       _vsscanf
 214C:2412       _v_num_var
 214C:465B       _v_Proc
 214C:0EA7       _V_ref
 214C:7C36       _WaitAckCount
 1979:0042       _WaitFlashCommandEnd
 19CB:000C       _WaitTransmitOver
 214C:7DA6       _WaitTransmitOver_
 1BEA:0010       _WaitTransmitOver_1
 1C69:0012       _WaitTransmitOver_2
 1A83:000F       _WaitTransmitOver_3
 1B3F:000E       _WaitTransmitOver_4
 1D14:0014       _WaitTransmitOver_5
 1DBF:0016       _WaitTransmitOver_6
 1E6A:0018       _WaitTransmitOver_7
 214C:9D0E       _Wat_lvl
 214C:14B0       _WDOG
 214C:1538       _WDOG_Rqst
 214C:4253       _WD_PMP2_Fl
 214C:4251       _WD_PMP2_flag
 214C:425D       _WD_PMP2_Per
 214C:4259       _WD_PMP2_t1
 214C:4255       _WD_PMP2_time
 214C:3F45       _WD_PMP_Fl
 214C:3F43       _WD_PMP_flag
 214C:3F4F       _WD_PMP_Per
 214C:3F4B       _WD_PMP_t1
 214C:3F47       _WD_PMP_time
 214C:1CD0       _wmf_v
 214C:1C32       _wmvd_reg_v
 18D6:0006       _WriteNVRAM
 1887:00C4       _WriteRTC
 1887:014F       _WriteRTC_Burst
 214C:08C1       _x_mmi
 214C:08C3       _y_mmi
 214C:011C       _ZeroPage
 214C:B764       _zero_time
 214C:88BA       _Zone_par
 044C:1F62       _Z_Gotox
 044C:1F43       _Z_MvToX
 214C:7FB0       __8087
 0000:1000  Abs  __AHINCR
 0000:000C  Abs  __AHSHIFT
 214C:811C       __atexitcnt
 214C:B8EA       __atexittbl
 0000:2623       __brk
 214C:008B       __brklvl
 214C:006B       __C0argc
 214C:006D       __C0argv
 214C:0071       __C0environ
 0000:111A       __cexit
 0000:0167       __checknull
 0000:0154       __cleanup
 214C:7C18       __CpuSpeed
 214C:811E       __ctype
 0000:0000  Abs  __cvtfak
 0000:1128       __c_exit
 214C:7FC4       __default87
 214C:83E8       __doserrno
 0000:11CD       __DOSERROR
 214C:83EA       __dosErrorToSV
 2CE7:0000       __emu
 214C:0075       __envLng
 214C:0077       __envseg
 214C:0079       __envSize
 0000:1108       __exit
 214C:8220       __exitbuf
 214C:8224       __exitfopen
 214C:8228       __exitopen
 0000:3544       __fgetc
 0000:8087  Abs  __floatconvert
 0000:4434       __fmemcmp
 0000:445C       __fmemcpy
 0000:44A4       __fmemset
 0000:0EC5       __fperror
 214C:83E6       __fpstklen
 0000:05FB       __fpuint
 0000:372D       __fputc
 0000:38F0       __FPUTN
 0000:4480       __fsetmem
 214C:0087       __heapbase
 214C:008F       __heaptop
 214C:7FCA       __huge_dble
 214C:7FC6       __huge_flt
 214C:7FD2       __huge_ldble
 214C:7FDC       __indefinite
 214C:005B       __Int0Vector
 214C:005F       __Int4Vector
 214C:0063       __Int5Vector
 214C:0067       __Int6Vector
 0000:1194       __IOERROR
 0000:4192       __ISDST
 214C:7FC1       __LDT
 0000:05FF       __LDTRUNC
 0000:13AF       __LONGTOA
 1996:0006       __MK_FP_
 0000:0262       __MMODEL
 214C:7DC6       __Modify_Data
 214C:8742       __monthDay
 0000:3559       __Nfgetc
 214C:83BC       __nfile
 214C:83BE       __openfd
 214C:007D       __osmajor
 214C:007E       __osminor
 214C:007D       __osversion
 0000:0F74       __POW10
 214C:7FC0       __protected
 214C:007B       __psp
 0000:14CE       __read
 0000:26F0       __REALCVT
 214C:8776       __RealCvtVector
 0000:01BD       __restorezero
 0000:2662       __sbrk
 0000:14FD       __scanner
 0000:26FC       __scanpop
 0000:26F8       __scanrslt
 0000:26F4       __scantod
 214C:877A       __ScanTodVector
 0000:1A16       __scantol
 0000:0000  Abs  __setenvp__
 0000:1BB8       __setupio
 214C:0081       __StartTime
 214C:84C4       __stklen
 214C:7DD6       __Stop2_3
 214C:7E1E       __Stop2_4
 214C:822C       __streams
 0000:0C1D       __strtold
 0000:0168       __terminate
 214C:7FE0       __tiny_ldble
 0000:0000  Abs  __turboCvt
 0000:8087  Abs  __turboFloat
 0000:1431       __UTOA
 214C:007D       __version
 0000:1C9E       __VPRINTER
 0000:43C0       __write
 0000:0CBD       __XCVT
 0000:43FC       __xfflush
 214C:7C14       ___BaudDiv__
 214C:0085       ___brklvl
 0000:217B       ___first
 0000:0514       ___fpreset
 0000:217D       ___last
 0000:3AEF       ___read
 0000:217F       ___rover
 214C:B96A       ___SignalPtr
 0000:4271       ___write
 214C:7C08       ____OsType__

  Address         Publics by Value

 0000:0000  Abs  __turboCvt
 0000:0000  Abs  __cvtfak
 0000:0000  Abs  __setenvp__
 0000:000C  Abs  __AHSHIFT
 0000:0632  Abs  FISRQQ
 0000:0E32  Abs  FICRQQ
 0000:1000  Abs  __AHINCR
 0000:1632  Abs  FIERQQ
 0000:4000  Abs  FJARQQ
 0000:5C32  Abs  FIDRQQ
 0000:8000  Abs  FJSRQQ
 0000:8087  Abs  __turboFloat
 0000:8087  Abs  __floatconvert
 0000:A23D  Abs  FIWRQQ
 0000:C000  Abs  FJCRQQ
 0000:FE32  Abs  FIARQQ
 0000:0154       __cleanup
 0000:0167       __checknull
 0000:0168       __terminate
 0000:01BD       __restorezero
 0000:0249       _abort
 0000:0260       DGROUP@
 0000:0262       __MMODEL
 0000:0264       F_LXMUL@
 0000:0264       LXMUL@
 0000:027B       F_SCOPY@
 0000:027B       SCOPY@
 0000:0297       N_LDIV@
 0000:029A       F_LDIV@
 0000:029A       LDIV@
 0000:029E       N_LUDIV@
 0000:02A1       F_LUDIV@
 0000:02A1       LUDIV@
 0000:02A6       N_LMOD@
 0000:02A9       F_LMOD@
 0000:02A9       LMOD@
 0000:02AE       N_LUMOD@
 0000:02B1       LUMOD@
 0000:02B1       F_LUMOD@
 0000:0345       N_LXLSH@
 0000:0348       F_LXLSH@
 0000:0348       LXLSH@
 0000:0366       N_LXRSH@
 0000:0369       F_LXRSH@
 0000:0369       LXRSH@
 0000:0386       N_LXURSH@
 0000:0389       F_LXURSH@
 0000:0389       LXURSH@
 0000:0514       ___fpreset
 0000:05FB       __fpuint
 0000:05FF       __LDTRUNC
 0000:0C1D       __strtold
 0000:0C89       _strtod
 0000:0CBD       __XCVT
 0000:0EC5       __fperror
 0000:0F74       __POW10
 0000:103D       _pow10
 0000:1048       F_FTOL@
 0000:1048       FTOL@
 0000:1074       _atexit
 0000:10F9       _exit
 0000:1108       __exit
 0000:111A       __cexit
 0000:1128       __c_exit
 0000:1134       N_PADD@
 0000:1137       F_PADD@
 0000:1137       PADD@
 0000:1163       N_PSUB@
 0000:1166       F_PSUB@
 0000:1166       PSUB@
 0000:1194       __IOERROR
 0000:11CD       __DOSERROR
 0000:11DF       _isalnum
 0000:11F1       _isascii
 0000:1204       _isalpha
 0000:1216       _iscntrl
 0000:1228       _isdigit
 0000:123A       _isgraph
 0000:1253       _islower
 0000:1265       _isprint
 0000:127E       _ispunct
 0000:1290       _isspace
 0000:12A2       _isupper
 0000:12B4       _isxdigit
 0000:12C6       _getc
 0000:12F7       _getchar
 0000:1319       _putc
 0000:1353       _putchar
 0000:1380       _feof
 0000:138F       _ferror
 0000:139E       _isatty
 0000:13AF       __LONGTOA
 0000:1431       __UTOA
 0000:1451       _lseek
 0000:147A       N_LXMUL@
 0000:1491       N_PCMP@
 0000:14B2       N_SCOPY@
 0000:14CE       __read
 0000:14FD       __scanner
 0000:1A16       __scantol
 0000:1BB8       __setupio
 0000:1C6E       _tell
 0000:1C9E       __VPRINTER
 0000:217B       ___first
 0000:217D       ___last
 0000:217F       ___rover
 0000:22BB       _free
 0000:22BB       _farfree
 0000:23C5       _malloc
 0000:23CF       _farmalloc
 0000:252C       _realloc
 0000:2533       _farrealloc
 0000:2623       __brk
 0000:2662       __sbrk
 0000:26F0       __REALCVT
 0000:26F4       __scantod
 0000:26F8       __scanrslt
 0000:26FC       __scanpop
 0000:2700       _setblock
 0000:2786       F_OVERFLOW@
 0000:2786       N_OVERFLOW@
 0000:2786       OVERFLOW@
 0000:2798       _atol
 0000:280D       _atoi
 0000:2A52       _gmtime
 0000:2A6B       _localtime
 0000:2AA1       _asctime
 0000:2ACC       _ctime
 0000:2C75       _mktime
 0000:2CD5       _strftime
 0000:3192       _eof
 0000:3209       _fflush
 0000:32D6       _flushall
 0000:3318       _fprintf
 0000:33B6       _fseek
 0000:3436       _ftell
 0000:3544       __fgetc
 0000:3559       __Nfgetc
 0000:355C       _fgetc
 0000:364A       _fgetchar
 0000:3656       _getenv
 0000:36C6       _memcpy
 0000:36EA       _setmem
 0000:370E       _memset
 0000:372D       __fputc
 0000:3749       _fputc
 0000:38DC       _fputchar
 0000:38F0       __FPUTN
 0000:3AEF       ___read
 0000:3BC0       _setvbuf
 0000:3D1B       _sprintf
 0000:3D3D       _vsprintf
 0000:3D91       _sscanf
 0000:3DB4       _vsscanf
 0000:3DD8       _strcat
 0000:3E17       _strcmp
 0000:3E47       _strcpy
 0000:3E70       _strlen
 0000:3E8F       _strncpy
 0000:3EF2       _strtoul
 0000:3FA6       _tzset
 0000:4192       __ISDST
 0000:4271       ___write
 0000:43C0       __write
 0000:43FC       __xfflush
 0000:4434       __fmemcmp
 0000:445C       __fmemcpy
 0000:4480       __fsetmem
 0000:44A4       __fmemset
 044C:0003       _f_get_nb
 044C:0041       _ShowPort
 044C:005D       _ShowChecksum
 044C:0079       _ShowBaudrate
 044C:00FF       _ShowCom
 044C:012B       _ShowNumber
 044C:0143       _getch_host
 044C:016F       _puts_host
 044C:01A8       _f_cycle_cmn
 044C:06B5       _f_cycle
 044C:071C       _f_cycle0
 044C:074E       _f_cycle1
 044C:0799       _main
 044C:0C5C       _ServiceCOM
 044C:0F9F       _f_timer
 044C:0FDB       _f_empty
 044C:0FF1       _f_time_dd
 044C:1081       _f_print_dd
 044C:10CE       _f_one_sec
 044C:12F1       _init_win_sum
 044C:15CE       _f_rd_Dns
 044C:17FE       _f_wr_Dns
 044C:1A0B       _f_store_dt
 044C:1AF0       _MmiKbhit
 044C:1B0C       _MmiGetch
 044C:1B4B       _f_MMI
 044C:1DB5       _f_clr_scr_MMI
 044C:1DFE       _f_clr_scr_c_MMI
 044C:1E29       _f_rev_scr_MMI
 044C:1E54       _SetZone
 044C:1F0B       _SetMFont
 044C:1F27       _MoveToXY
 044C:1F43       _Z_MvToX
 044C:1F62       _Z_Gotox
 044C:1F86       _MmiShowCursor
 044C:1FA3       _MmiCursorOff
 044C:1FC0       _MmiGotoxy
 044C:1FE0       _MmiPutch
 044C:201D       _MmiPuts
 044C:20A2       _MmiPrintf
 044C:20F2       _SetDisplayPage
 044C:210E       _SendToMMI
 044C:2395       _f_mmi_err
 044C:23AB       _f_MMI_Flt
 044C:23E7       _f_MMI_SetAns
 044C:244A       _f_MMI_KBD_ans
 044C:2530       _fstin
 044C:275F       _PrintMmiOp
 044C:28E6       _ScanfMmiOp
 044C:2DAF       _f_tbl_1
 044C:2DBF       _f_7060
 044C:3198       _f_init_7060
 044C:32D9       _f_7060_rd
 044C:37FC       _f_7060_Flt
 044C:38AD       _ffgets_com_ICP
 044C:39D7       _f_empty_gets
 044C:3A2B       _f_check_crc_ICP
 044C:3AAC       _f_prepare7000
 044C:3B52       _f_icp_error
 044C:3C2F       _f_icp_errS
 044C:3D00       _f_get_icp_error
 044C:3D43       _f_cl_error
 044C:3DAF       _f_queue_init
 044C:3DD3       _f_queue_clr
 044C:3F01       _f_queue_put
 044C:3F8D       _f_queue_chk
 044C:3FD8       _f_queue_free
 044C:4056       _f_queue_Flt
 044C:40CE       _f_ik
 044C:4132       _f_init_mki
 044C:418B       _f_var_i
 044C:42EF       _f_inp7188
 044C:4367       _f_sens
 044C:43A5       _f_get_float
 044C:4555       _f_set_float
 044C:46C6       _f_set_int
 044C:46F2       _f_set_long
 044C:4746       _f_get_long
 044C:47CB       _f_get_int
 044C:4806       _f_get_intS
 08D0:0000       _f_WDOG
 08D0:01AC       _ffgets_no_com_ICP
 08D0:024E       _f_WD_end
 08D0:02C3       _f_123
 08D0:0392       _f_host
 08D0:03E1       _f_send_to_Host
 08D0:0440       _f_prompt
 08D0:0484       _f_empty_ans_echo
 08D0:04BB       _f_send_to_Host_sk
 08D0:08B8       _f_send_to_Host_rtu
 08D0:0960       _ffgets_host
 08D0:0A76       _f_inw
 08D0:0BC6       _f_innum
 08D0:0DD9       _f_inhex
 08D0:0E69       _f_lim
 08D0:0EC2       _f_dis_set
 08D0:14F7       _PrintOp
 08D0:167D       _f_ns_count
 08D0:1709       _trace
 08D0:19C4       _f_look_ICP
 08D0:1C77       _f_result_Licp
 08D0:1DD9       _f_empty_ans_Licp
 08D0:1E15       _f_ans_Licp_cfg
 08D0:1F2E       _f_ans_Licp_Flt
 08D0:1F52       _f_look_RTU
 08D0:2105       _f_result_Licp_RTU
 08D0:229F       _f_print_que
 08D0:24B5       _f_drv_list
 08D0:2565       _f_get_mod_str
 08D0:25E9       _f_mod_list
 08D0:2702       _f_icp_hlp
 08D0:2766       _f_bridge_24
 08D0:27C4       _f_bridge_34
 08D0:2822       _f_dnum
 08D0:2871       _f_check_id
 08D0:2B43       _f_intr
 08D0:5B98       _f_rep
 08D0:5D4E       _f_menu
 08D0:5DC7       _putch2
 08D0:5E09       _putch4
 08D0:5E7E       _f_get_wrd
 08D0:5EDF       _f_ee_num_init
 08D0:5F0D       _f_wrt_eee
 08D0:6011       _f_chk_EEE_CRC
 08D0:6106       _f_rd_eee
 0EEF:0001       _f_d_ESC
 0EEF:002B       _f_paged3
 0EEF:0040       _f_prn_begin
 0EEF:007F       _f_prn_ID
 0EEF:013F       _f_prn_slv1
 0EEF:0185       _f_dsp_res
 0EEF:0535       _f_prn_CRC_error
 0EEF:05B3       _f_prn_proc
 0EEF:062B       _f_prn_error
 0EEF:06AE       _f_disp_error
 0EEF:09CA       _f_drv_list_MMI
 0EEF:0AAD       _f_drv_stat_MMI
 0EEF:0B9F       _f_mod_list_MMI
 0EEF:0CF7       _f_prn_mmi_a
 0EEF:1668       _f_menu_MMI
 0EEF:3DEE       _f_before_MMI
 0EEF:3E0A       _f_after_MMI
 0EEF:3FE0       _ffgets_com_rtu
 0EEF:40AB       _f_chg_toRTU
 0EEF:4147       _crc16
 0EEF:41B4       _f_check_crc_RTU
 0EEF:4217       _f_prepareRTU
 0EEF:4276       _f_prepareRTU1
 0EEF:42D6       _f_wr_evt
 0EEF:430B       _f_wr_astr
 0EEF:43CC       _f_get_max_n_arch
 0EEF:445F       _f_print_a_str
 0EEF:4496       _f_print_str_a
 0EEF:4C43       _f_get_astr
 0EEF:4D48       _f_get_fst_stor
 0EEF:4DE0       _f_get_lst_stor
 0EEF:4EC5       _f_prepare_evt
 0EEF:52A9       _f_get_flash_p
 0EEF:53B8       _f_get_next_seg
 0EEF:5424       _f_get_nxt_seg
 0EEF:5455       _f_get_prev_seg
 0EEF:5486       _get_vdate
 0EEF:5506       _f_get_time
 0EEF:5523       _f_prepare_t
 0EEF:5581       _f_get_time_t
 0EEF:55F2       _f_get_d_dat
 0EEF:596D       _f_print_d_str
 0EEF:5A7B       _f_get_dat_s
 0EEF:5B65       _f_get_dat_n
 0EEF:5B8F       _fun_tim_u
 0EEF:5C09       _f_SlaveRTU
 0EEF:5C32       _f_get_SlvBuf
 0EEF:5E33       _f_free_SlvBuf
 0EEF:5ED9       _f_stor_Slv
 0EEF:5F7A       _ffgets_SlvRTU
 0EEF:6180       _f_get_numRTU2
 0EEF:61C8       _f_get_numRTU7
 0EEF:620E       _f_intr_SlvRTU
 0EEF:6643       _f_is_int
 0EEF:666F       _f_is_float
 0EEF:66AB       _f_int_fnc
 0EEF:66D0       _f_fls
 0EEF:673A       _f_WE_slv
 0EEF:6760       _ff_we_slv
 0EEF:6787       _f_start_dlv
 0EEF:6836       _f_stop_dlv
 0EEF:6876       _f_alm_stop
 0EEF:68A3       _f_rst_slv
 0EEF:68C6       _f_CE_slv
 0EEF:68EE       _f_Stop_Pmp
 0EEF:693B       _f_cmd_prn
 0EEF:694F       _f_Baud_slv
 0EEF:69EA       _f_Slave2RTU
 0EEF:6A50       _f_Slave3RTU
 0EEF:6AB6       _ffgets_Slv2RTU
 0EEF:6D49       _f_intr_Slv2RTU
 0EEF:755A       _f_is_int2
 0EEF:7586       _f_is_float2
 0EEF:75C2       _f_int_fnc2
 0EEF:7657       _f_fls2
 0EEF:76BB       _f_cmd2_prn
 0EEF:76CF       _f_Baud_slv2
 0EEF:776A       _f_WE_slv2
 0EEF:778A       _f_set_slv
 0EEF:786C       _f_cnt_totals
 0EEF:79E6       _f_get_dens
 0EEF:7A8C       _f_get_composition
 0EEF:7C09       _f_get_Dns
 0EEF:7D3E       _f_get_pressCT
 0EEF:7F36       _f_get_pressDT
 0EEF:82B6       _f_get_PD_Etan
 0EEF:83A1       _f_get_vol
 0EEF:8528       _f_wr_tct
 0EEF:8B39       _f_zer_tct
 0EEF:8BC4       _f_rd_tct
 0EEF:8D08       _f_slaves
 0EEF:8D39       _f_prep_VM
 0EEF:8DC6       _f_count_tank
 0EEF:8F99       _f_PMP
 0EEF:91F8       _f_PMP_rd
 0EEF:94DE       _f_PMP_Flt
 0EEF:9596       _f_prepare_PMP
 0EEF:95E1       _f_check_crc_PMP
 0EEF:96E1       _ffgets_com_PMP
 0EEF:97D3       _f_get_float_PMP
 0EEF:9841       _f_get_long_PMP
 1876:000F       _RefreshWDT
 1878:0009       _ClockHigh
 1879:0005       _ClockHighLow
 1879:0015       _ClockHighLow_1
 187C:0002       _ClockLow
 187C:000E       _LedToggle
 187D:0009       _Init5DigitLed
 1880:0007       SHOW5DIGITLED
 1882:0001       SHOW5DIGITLEDWITHDOT
 1883:000D       WRITE_TO_7219
 1887:006E       _ReadRTC
 1887:00C4       _WriteRTC
 1887:00EA       _ReadRTC_Burst
 1887:014F       _WriteRTC_Burst
 189F:0000       _GetDate
 189F:0032       _GetWeekDay
 18A3:000D       _GetTime
 18A7:0000       _ReadNVRAM
 18AA:0004       _GetTimeDate
 18B6:0003       _IsLeapYear
 18B6:003F       _SetDate
 18B6:0159       _SetWeekDay
 18CD:0008       _SetTime
 18D6:0006       _WriteNVRAM
 18D9:0004       _CheckCpuSpeed
 18D9:00BF       _InitLib
 18E6:0001       _EE1024_MultiRead
 18F2:0002       _EE1024_MultiWrite
 18FB:000C       _EE1024_ReadNext
 18FF:000C       _EE1024_RandomRead
 1907:000D       _EE1024_RandomWrite
 190F:0032       EE_BITWRITE
 190F:0054       _EE_Start
 190F:0077       _EE_Stop
 190F:0089       _EE_ReadAck
 190F:00A7       _EE_SendAck
 190F:00BE       EE_WRITEBYTE
 190F:00E5       _EE_ReadByte
 190F:0112       EE_INITWRITEMODE
 190F:0156       _ShowEEP_setting
 1924:0007       _EE_WriteProtect
 1925:000E       _EE_WriteEnable
 1926:0006       _InitEEPROM
 193E:0004       _EE_MultiRead
 1948:0002       _EE_MultiWrite
 194F:0000       _EE_MultiWrite_A
 195C:0007       _EE_ReadNext
 1960:0007       _EE_RandomRead
 1967:000A       _EE_RandomWrite
 196D:0001       _EE_MultiWrite_L
 196D:0031       _EE_MultiRead_L
 1973:0001       _FlashErase
 1979:0003       _FlashUnlock
 1979:0019       _FlashCmd
 1979:0032       _FlashResetToReadMode
 1979:0042       _WaitFlashCommandEnd
 1979:0106       _FlashReadId
 1990:0006       _FlashWrite
 1996:0006       __MK_FP_
 1997:00CF       _InstallUserTimerFunction_us
 1997:0126       _InstallUserTimerFunction_ms
 1997:0153       _StopUserTimerFun
 19AC:0008       _LongDiv
 19B1:0002       _Chk_Port
 19B2:000A       _InstallCom
 19B6:0002       _ToComBufn
 19B9:0004       _RestoreCom
 19BB:000A       _NullIsCom
 19BB:000D       _IsCom
 19BE:0003       _ReadCom
 19C0:0009       _SetBaudrate
 19C0:0038       _SetDataFormat
 19C6:000A       _ToCom
 19C9:0006       _IsTxBufEmpty
 19CB:000C       _WaitTransmitOver
 19D1:0000       _SetBaudrate_3
 19D1:005F       _SetDataFormat_3
 19E5:00A4       _InstallCom_DMA_3
 19E5:012F       _ReadComn_DMA_3
 19E5:01E3       _DataSizeInCom_DMA_3
 19E5:021F       _ClearCom_DMA_3
 19E5:023E       _IsCom_DMA_3
 19E5:024D       _ReadCom_DMA_3
 1A0F:0006       _IsCom_3
 1A11:000E       _SetXonXoffControlMode_3
 1A11:0019       _SetComPortBufferSize_3
 1A11:0040       _ClearTxBuffer_3
 1A11:004C       _GetTxBufferFreeSize_3
 1A11:00D3       _InstallComInputData_3
 1A11:00E5       _CheckXonXoff_3
 1A11:00FB       _Serial_Isr_3
 1A11:02E5       _InstallCom_3
 1A11:0416       _RestoreCom_3
 1A5C:000A       _IsComOutBufEmpty_3
 1A5D:0007       _ReadCom_3
 1A64:0007       _ToComBufn_3
 1A79:0007       _SetComTimeout_3
 1A79:0012       _ToCom_3
 1A83:0007       _IsTxBufEmpty_3
 1A83:000F       _WaitTransmitOver_3
 1A86:0006       _SetBaudrate_4
 1A86:0065       _SetDataFormat_4
 1A9A:00AA       _InstallCom_DMA_4
 1A9A:0135       _ReadComn_DMA_4
 1A9A:01E9       _DataSizeInCom_DMA_4
 1A9A:0225       _ClearCom_DMA_4
 1A9A:0244       _IsCom_DMA_4
 1A9A:0253       _ReadCom_DMA_4
 1AC4:000C       _IsCom_4
 1AC7:0004       _SetXonXoffControlMode_4
 1AC7:000F       _SetComPortBufferSize_4
 1AC7:0036       _ClearTxBuffer_4
 1AC7:0042       _GetTxBufferFreeSize_4
 1AC7:00C9       _InstallComInputData_4
 1AC7:00DB       _CheckXonXoff_4
 1AC7:00F1       _Serial_Isr_4
 1AC7:02DB       _InstallCom_4
 1AC7:040C       _RestoreCom_4
 1B12:0000       _IsComOutBufEmpty_4
 1B12:000D       _printCom_4
 1B16:0006       _ReadCom_4
 1B1D:0006       _ToComBufn_4
 1B32:0006       _ToComStr_4
 1B35:0006       _SetComTimeout_4
 1B35:0011       _ToCom_4
 1B3F:0006       _IsTxBufEmpty_4
 1B3F:000E       _WaitTransmitOver_4
 1B42:0005       _SetBaudrate_1
 1B42:0062       _SetDataFormat_1
 1B51:0003       _ToComBufn_1
 1B65:0002       _IsCom_1
 1B66:000D       _IsComOutBufEmpty_1
 1B67:000A       _ReadCom_1
 1B6E:0003       _SetComTimeout_1
 1B6E:000E       _ToCom_1
 1B7A:0006       _SetXonXoffControlMode_1
 1B7A:0011       _SetComPortBufferSize_1
 1B7A:0039       _ClearTxBuffer_1
 1B7A:0052       _GetTxBufferFreeSize_1
 1B7A:0069       _SetComFifoTriggerLevel_1
 1B7A:00E1       _GetInputBufFreeSize_1
 1B7A:0153       _InstallComInputData_1
 1B7A:0165       _CheckXonXoff_1
 1B7A:017B       _CheckInputBufSize_1
 1B7A:04FA       _InstallCom_1
 1B7A:066A       _RestoreCom_1
 1BEA:0002       _IsTxBufEmpty_1
 1BEA:0010       _WaitTransmitOver_1
 1BED:0007       _SetBaudrate_2
 1BED:0064       _SetDataFormat_2
 1BFC:0005       _ToComBufn_2
 1C0F:0006       _IsCom_2
 1C11:0001       _IsComOutBufEmpty_2
 1C11:000E       _ReadCom_2
 1C15:000F       _SetComTimeout
 1C15:001A       _ToCom_2
 1C21:0004       _SetComPortBufferSize_2
 1C21:0015       _ClearTxBuffer_2
 1C21:002E       _GetTxBufferFreeSize_2
 1C21:0045       _SetComFifoTriggerLevel_2
 1C21:00BD       _GetInputBufFreeSize
 1C21:0109       _InstallComInputData_2
 1C21:02A5       _InstallCom_2
 1C21:03EC       _RestoreCom_2
 1C69:0004       _IsTxBufEmpty_2
 1C69:0012       _WaitTransmitOver_2
 1C6C:0009       _SetBaudrate_5
 1C6C:0066       _SetDataFormat_5
 1C7B:0007       _ToComBufn_5
 1C8F:0006       _IsCom_5
 1C91:0001       _IsComOutBufEmpty_5
 1C91:000E       _ReadCom_5
 1C98:0007       _SetComTimeout_5
 1C98:0012       _ToCom_5
 1CA4:000A       _SetXonXoffControlMode_5
 1CA4:0015       _SetComPortBufferSize_5
 1CA4:003D       _ClearTxBuffer_5
 1CA4:0056       _GetTxBufferFreeSize_5
 1CA4:006D       _SetComFifoTriggerLevel_5
 1CA4:00E5       _GetInputBufFreeSize_5
 1CA4:0157       _InstallComInputData_5
 1CA4:0169       _CheckXonXoff_5
 1CA4:017F       _CheckInputBufSize_5
 1CA4:04FE       _InstallCom_5
 1CA4:066E       _RestoreCom_5
 1D14:0006       _IsTxBufEmpty_5
 1D14:0014       _WaitTransmitOver_5
 1D17:000B       _SetBaudrate_6
 1D17:0068       _SetDataFormat_6
 1D26:0009       _ToComBufn_6
 1D3A:0008       _IsCom_6
 1D3C:0003       _IsComOutBufEmpty_6
 1D3D:0000       _ReadCom_6
 1D43:0009       _SetComTimeout_6
 1D43:0014       _ToCom_6
 1D4F:000C       _SetXonXoffControlMode_6
 1D4F:0017       _SetComPortBufferSize_6
 1D4F:003F       _ClearTxBuffer_6
 1D4F:0058       _GetTxBufferFreeSize_6
 1D4F:006F       _SetComFifoTriggerLevel_6
 1D4F:00E7       _GetInputBufFreeSize_6
 1D4F:0159       _InstallComInputData_6
 1D4F:016B       _CheckXonXoff_6
 1D4F:0181       _CheckInputBufSize_6
 1D4F:0500       _InstallCom_6
 1D4F:0670       _RestoreCom_6
 1DBF:0008       _IsTxBufEmpty_6
 1DBF:0016       _WaitTransmitOver_6
 1DC2:000D       _SetBaudrate_7
 1DC2:006A       _SetDataFormat_7
 1DD1:000B       _ToComBufn_7
 1DE5:000A       _IsCom_7
 1DE7:0005       _IsComOutBufEmpty_7
 1DE8:0002       _ReadCom_7
 1DEE:000B       _SetComTimeout_7
 1DEE:0016       _ToCom_7
 1DFA:000E       _SetXonXoffControlMode_7
 1DFA:0019       _SetComPortBufferSize_7
 1DFA:0041       _ClearTxBuffer_7
 1DFA:005A       _GetTxBufferFreeSize_7
 1DFA:0071       _SetComFifoTriggerLevel_7
 1DFA:00E9       _GetInputBufFreeSize_7
 1DFA:015B       _InstallComInputData_7
 1DFA:016D       _CheckXonXoff_7
 1DFA:0183       _CheckInputBufSize_7
 1DFA:0502       _InstallCom_7
 1DFA:0672       _RestoreCom_7
 1E6A:000A       _IsTxBufEmpty_7
 1E6A:0018       _WaitTransmitOver_7
 1E6D:000F       _GetDi1
 1E6E:000A       _SetDo1
 1E70:0002       _GetDi2
 1E70:000C       _SetDo2
 1E72:0004       _ascii_to_hex
 1E77:2152       e086_Entry
 1E77:26E0       e086_Shortcut
 20EF:0306       e087_Entry
 20EF:03C6       e087_Shortcut
 20EF:0430       e087_Trap
 214C:0000       DATASEG@
 214C:005B       __Int0Vector
 214C:005F       __Int4Vector
 214C:0063       __Int5Vector
 214C:0067       __Int6Vector
 214C:006B       __C0argc
 214C:006D       __C0argv
 214C:0071       __C0environ
 214C:0075       __envLng
 214C:0077       __envseg
 214C:0079       __envSize
 214C:007B       __psp
 214C:007D       __osversion
 214C:007D       __osmajor
 214C:007D       __version
 214C:007E       __osminor
 214C:007F       _errno
 214C:0081       __StartTime
 214C:0085       ___brklvl
 214C:0087       __heapbase
 214C:008B       __brklvl
 214C:008F       __heaptop
 214C:0094       _fl_inv_out
 214C:0096       _INP_inv
 214C:0098       _INP_VARi
 214C:009A       _flag_fst_gun
 214C:009C       _sw_ver
 214C:00B0       _ComBaud
 214C:00C4       _Com_lgth
 214C:00CE       _Com_parity
 214C:00D8       _Com_stop
 214C:00E2       _ComProt
 214C:00EC       _baudrate_val
 214C:0118       _MMI_inp_err
 214C:011A       _MMI_out_err
 214C:011C       _ZeroPage
 214C:011E       _EmptPage
 214C:0120       _time_DGM
 214C:0144       _flag_prn
 214C:0146       _tmp_mn0
 214C:0148       _tmp_mn1
 214C:014A       _tmp_mn2
 214C:014C       _FlagWinSum
 214C:014E       _flag_H
 214C:0150       _last_out
 214C:015A       _scom_tim
 214C:016E       _Tm_snd
 214C:0182       _time_snd
 214C:0196       _time_rcv
 214C:01AA       _ghj
 214C:01AC       _n_bcom
 214C:01B6       _ff_serv
 214C:01BA       _ff_gets_com
 214C:01CE       _ff_answ_com
 214C:01E2       _ff_answ_flt
 214C:01F6       _time1
 214C:01FA       _dd_max
 214C:01FE       _dd_min
 214C:0202       _one_sec_time
 214C:0206       _cl_val_c
 214C:020A       _cl_t_c
 214C:020E       _num_clp_sv
 214C:0210       _CL_MassP
 214C:0214       _CL_VolP
 214C:0218       _D1_eee
 214C:021C       _T1_eee
 214C:0220       _D2_eee
 214C:0224       _T2_eee
 214C:0228       _D3_eee
 214C:022C       _T3_eee
 214C:0230       _D1_eee_c
 214C:0234       _T1_eee_c
 214C:0238       _D2_eee_c
 214C:023C       _T2_eee_c
 214C:0240       _D3_eee_c
 214C:0244       _T3_eee_c
 214C:0248       _ds_list1
 214C:0824       _max_list1
 214C:0826       _Sl3_time1
 214C:082A       _Sl3_time1_l
 214C:082E       _t_store1
 214C:0832       _Sl3_time2
 214C:0836       _Sl3_time2_l
 214C:083A       _t_store2
 214C:083E       _Sl3_time3
 214C:0842       _Sl3_time3_l
 214C:0846       _t_store3
 214C:084A       _mn_fnt
 214C:084B       _mmikeycode
 214C:08AB       _mmi_sw
 214C:08AD       _fl_mmi_new
 214C:08AF       _fl_mmi_new1
 214C:08B1       _page_MMI
 214C:08B3       _page_MMI_c
 214C:08B5       _nm_stamp
 214C:08B9       _nm_time
 214C:08BD       _font_arr
 214C:08C1       _x_mmi
 214C:08C3       _y_mmi
 214C:08C5       _mmix
 214C:08C7       _mmiy
 214C:08C9       _fn_MMI
 214C:08CB       _MMI
 214C:090F       _MMI_Rqst
 214C:09B3       _ToutAns
 214C:09C7       _flag_fn
 214C:09C9       _cnt_flt_MMI
 214C:09CB       _mmi_key_in
 214C:09CD       _mmi_key_out
 214C:09CF       _sw_fst
 214C:09D1       _fst_n
 214C:09D3       _fst_in_n
 214C:09D5       _I7060
 214C:0A5D       _I7060_Rqst
 214C:0BA5       _i7060_fn
 214C:0BA9       _I7060_wd_E
 214C:0BAD       _I7060_wd_VV
 214C:0BB1       _i7060_sw
 214C:0BB5       _OUT_VAR_c_r
 214C:0BB7       _i7060_out_err
 214C:0BBB       _i7060_inp_err
 214C:0BBF       _i7060_seq
 214C:0BFF       _I7060_fl
 214C:0C03       _msk4
 214C:0C0B       _n_sht4
 214C:0C13       _msk8
 214C:0C17       _n_sht8
 214C:0C1B       _ICP_dd
 214C:0C4F       _icp_lst_max
 214C:0C51       _ICP_error
 214C:0C71       _ICP_error_c
 214C:0C91       _FL_err
 214C:0C93       _ICP_fict
 214C:0CD7       _Rqst_fict
 214C:0D7B       _fict_long
 214C:0D7F       _TimeClear
 214C:0D83       _result_dlv
 214C:0D85       _num_out3
 214C:0D87       _num_out4
 214C:0D89       _num_out5
 214C:0D8B       _num_out6
 214C:0D8D       _num_out7
 214C:0D8F       _num_out8
 214C:0D91       _CLP0
 214C:0D93       _num_in1
 214C:0D95       _num_in2
 214C:0D97       _num_in3
 214C:0D99       _num_in4
 214C:0D9B       _num_in5
 214C:0D9D       _num_in6
 214C:0D9F       _num_in7
 214C:0DA1       _num_in8
 214C:0DA3       _num_in9
 214C:0DA5       _num_in10
 214C:0DA7       _num_in11
 214C:0DA9       _num_in12
 214C:0DAB       _num_in13
 214C:0DAD       _num_in14
 214C:0DAF       _num_in15
 214C:0DB1       _OUT_VARi0
 214C:0DB3       _INP_VAR_c
 214C:0DB5       _INP_VARi0
 214C:0DB7       _INP_MSK_OK
 214C:0DB9       _INP_MSK_OK_L
 214C:0DBB       _OUT_VAR_c
 214C:0DBD       _inv_msk
 214C:0DDF       _int_fict_11
 214C:0DE1       _p_ik
 214C:0E2D       _msk_ik
 214C:0E53       _fict_npn
 214C:0E55       _num_pnt
 214C:0E95       _INP_7188
 214C:0E97       _do1_t
 214C:0E99       _do2_t
 214C:0E9B       _K_mul_F
 214C:0E9F       _T_Ref
 214C:0EA3       _D_ref
 214C:0EA7       _V_ref
 214C:0EAB       _flag_AD
 214C:0EAD       _Dens_AD
 214C:0EB1       _Temp_AD
 214C:0EB5       _Dens_a
 214C:0EB9       _Temp_a
 214C:0EBD       _FctBern
 214C:0EC1       _R_MVD
 214C:0EC5       _ff_serv_N
 214C:0EC9       _s_MVD
 214C:1222       _EchoComN
 214C:1224       _seg
 214C:1226       _offset
 214C:1228       _AddrHost
 214C:122A       _ComPortHost
 214C:122C       _BaudHost
 214C:1230       _ComPortEcho
 214C:1232       _CRC_flag_Echo
 214C:1234       _OUT_VAR
 214C:1236       _INP_VAR
 214C:1238       _flag_echo_host
 214C:123A       _flag_Deb
 214C:123C       _flag_host_send
 214C:123E       _msk_int
 214C:1260       _cost_v
 214C:1264       _amount_f
 214C:1268       _volume_f
 214C:126C       _vol_f
 214C:1270       _summ_v
 214C:1274       _list_pt
 214C:127C       _adr_strt
 214C:1280       _Host
 214C:12C4       _Host_Rqst
 214C:1368       _Host_Rqst_rtu
 214C:140C       _Host_Rqst_sk
 214C:14B0       _WDOG
 214C:1538       _WDOG_Rqst
 214C:1680       _host_wd_sw
 214C:168A       _ff_putch
 214C:169E       _intrpr
 214C:17A8       _par1
 214C:17AC       _par2
 214C:17B0       _par3
 214C:17B4       _par4
 214C:17B8       _ds_par
 214C:17F0       _ds_zp
 214C:180C       _ds_pass
 214C:181A       _p_mem
 214C:181E       _mem_ptr
 214C:1822       _ds_dm
 214C:1830       _ds_scan
 214C:1868       _ds_mko
 214C:1884       _ds_mks
 214C:18A0       _ds_mki
 214C:18BC       _ds_hm
 214C:193A       _ds_at
 214C:198E       _ds_al
 214C:19E2       _ds_off
 214C:1A60       _ds_str
 214C:1A98       _nn_rsv
 214C:1A9A       _ds_gn
 214C:1AE0       _ds_PMP
 214C:1B88       _ds_PMPa
 214C:1BB2       _ds_PMPo
 214C:1C06       _sk_reg_n
 214C:1C0A       _sk_reg_q
 214C:1C0E       _mvd_reg_n
 214C:1C12       _mvd_reg_q
 214C:1C16       _ds_rmvd
 214C:1C32       _wmvd_reg_v
 214C:1C36       _ds_wmvd
 214C:1C52       _ds_wmvds
 214C:1C7C       _fl_id
 214C:1C80       _fl_id1
 214C:1C84       _chr_id
 214C:1C98       _ds_bid
 214C:1CC2       _ds_id
 214C:1CD0       _wmf_v
 214C:1CD4       _ds_wmvf
 214C:1CF0       _ds_de
 214C:1DD0       _ds_ioch
 214C:1DEC       _ds_io
 214C:1E16       _dsc_tmp
 214C:1E1A       _offs_cor
 214C:1E1E       _fct_offs
 214C:1E22       _fct_delay
 214C:1E26       _ds_fle
 214C:1E34       _ds_pda
 214C:1E50       _ds_flch
 214C:1ECE       _n_lst
 214C:1ED0       _ds_pdl
 214C:1EDE       _ds_pdda
 214C:1EEC       _d_lst
 214C:1EEE       _ds_pddl
 214C:1EFC       _tt_sec
 214C:1EFE       _tt_min
 214C:1F00       _tt_hour
 214C:1F02       _tt_day
 214C:1F04       _tt_month
 214C:1F06       _tt_year
 214C:1F08       _ds_pddp
 214C:1F6A       _ds_pdn
 214C:1F78       _ds_br
 214C:1FB0       _ds_cp
 214C:1FE8       _ds_trtu
 214C:2020       _ds_sct
 214C:2058       _cm_baud
 214C:205C       _ds_cm
 214C:2094       _ds_dev
 214C:20E8       _baud
 214C:20EC       _ds_mod
 214C:2124       _ds_dnm
 214C:214E       _ds_dtc
 214C:216A       _ds_lim
 214C:2266       _ds_wins
 214C:2274       _ds_com
 214C:2282       _ds_echo
 214C:229E       _fl_wr_eee
 214C:22A0       _ds_fls
 214C:22CA       _ds_slv
 214C:2310       _ds_fls2
 214C:232C       _ds_slv2
 214C:2356       _ds_fls3
 214C:2372       _ds_slv3
 214C:239C       _i_nn_d
 214C:23A0       _fl_trace
 214C:23A2       _i_nn
 214C:23A6       _dim_xyz
 214C:23A8       _fl_trace_loop
 214C:23AA       _uk_buf
 214C:23AC       _uk_ns
 214C:23C0       _f_ns
 214C:23CA       _cnt_after
 214C:23CC       _ns_fictf
 214C:23D0       _ns_fict
 214C:23D4       _list_ns
 214C:23E8       _list_ns_type
 214C:23F2       _i_num_var
 214C:23F4       _ds_ivar
 214C:2402       _f_num_var
 214C:2404       _ds_fvar
 214C:2412       _v_num_var
 214C:2414       _ds_var
 214C:2430       _ds_ag
 214C:2492       _ds_agp
 214C:24AE       _ds_ns
 214C:251E       _licp_sw
 214C:2520       _flag_print_licp
 214C:2522       _licp_port
 214C:2524       _ToutLicpScan
 214C:2526       _licp_amax
 214C:2528       _licp_crc_flag
 214C:252A       _licp_t_conf
 214C:252C       _ICP_mod_fnd
 214C:2536       _LICP_Rqst
 214C:25DA       _LICP_Rqst_RTU
 214C:267E       _bas_1
 214C:2682       _n_id
 214C:2686       _f_res_id
 214C:268A       _id_ok
 214C:268C       _list_mnu
 214C:2698       _flag_en_er
 214C:269A       _eee_num
 214C:269C       _ee_lgth_byte
 214C:269E       _fict_ftmp
 214C:26A2       _fict_itmp
 214C:26A4       _fict_sv
 214C:26A6       _fict_int1
 214C:26A8       _flag_Hst
 214C:26AA       _EE_Dat
 214C:2DB2       _ee_members
 214C:3A7A       _ftmp_DP
 214C:3A7E       _mode_hst
 214C:3A80       _Tank_nn
 214C:3A82       _fl_bl_out
 214C:3A84       _MassStamp
 214C:3A88       _VolStamp
 214C:3A8C       _fl_zeroing
 214C:3A90       _s_empty
 214C:3AAF       _str_ESC
 214C:3ABC       _PageD
 214C:3ABE       _flg_ch
 214C:3AC0       _Flag_f_corr
 214C:3AC2       _flag_mass
 214C:3AC4       _pass_ret
 214C:3AC6       _k_v_flow
 214C:3ACA       _k_m_flow
 214C:3ACE       _pass1
 214C:3AD2       _pass2
 214C:3AD6       _Flag_bot
 214C:3AD8       _ctr_msk
 214C:3AF8       _un_mmi1
 214C:3AFA       _un_mmi2
 214C:3AFC       _un_mmi3
 214C:3AFE       _list_un_mmi
 214C:3B1A       _CRC_err
 214C:3B1C       _mode_prn
 214C:3B1E       _rcv_mm
 214C:3B26       _Rcv_mm
 214C:3B2E       _list1_dsr
 214C:3C6E       _mmi_point
 214C:3C6F       _mmi_prm
 214C:3C71       _mmi_flag
 214C:3C73       _num_page
 214C:3C75       _sw_mmi
 214C:3C77       _mmi_str
 214C:3C79       _mmi_com
 214C:3C7B       _flag_chg
 214C:3C7D       _nn_chg
 214C:3C7F       _max_par
 214C:3C81       _ds_list
 214C:3C85       _Password
 214C:3C89       _PassW
 214C:3C8D       _k_ext
 214C:3C8F       _k_ext1
 214C:3C91       _chg_nn_par
 214C:3C95       _chg_old
 214C:3C99       _chg_new
 214C:3C9D       _n_adc_mm
 214C:3C9F       _time_bot
 214C:3CA3       _Bot_time
 214C:3CA7       _flag_Slv_1
 214C:3CA9       _flag_Hst_1
 214C:3CAB       _byte_timout_rtu
 214C:3CBF       _table_crc_hi
 214C:3DBF       _table_crc_lo
 214C:3EBF       _vBIG_P
 214C:3EC3       _flash_seg
 214C:3EC5       _flash_offset
 214C:3EC7       _tim_000
 214C:3ECD       _rcv_m
 214C:3ED5       _Rcv_m
 214C:3EDD       _retl_seg
 214C:3EDF       _ahour00
 214C:3EE5       _adate00
 214C:3EEB       _mhour00
 214C:3EFD       _mdat0
 214C:3F0F       _mdat
 214C:3F21       _s_mode
 214C:3F23       _d_fl_seg
 214C:3F25       _d_fl_offs
 214C:3F27       _TankN
 214C:3F29       _ff_Slv
 214C:3F2D       _CMD_REG
 214C:3F2F       _flag_Slv
 214C:3F31       _n_res_a
 214C:3F33       _n_GRK_a
 214C:3F35       _ComPortSlv
 214C:3F37       _AddrSlv
 214C:3F39       _cod_float
 214C:3F3B       _State_SLV
 214C:3F3D       _Last_evt
 214C:3F3F       _sw_mmi_slv
 214C:3F41       _sw_dlv_slv
 214C:3F43       _WD_PMP_flag
 214C:3F45       _WD_PMP_Fl
 214C:3F47       _WD_PMP_time
 214C:3F4B       _WD_PMP_t1
 214C:3F4F       _WD_PMP_Per
 214C:3F53       _Slv_fict
 214C:3F55       _Slv_fict1
 214C:3F57       _Slv_fict2
 214C:3F59       _Slv_fict3
 214C:3F5B       _Slv_fict4
 214C:3F5D       _flag_slvrtu
 214C:3F5F       _fl_slv_out
 214C:3F61       _byte_timout_slv
 214C:3F65       _out_delay_slv
 214C:3F69       _list_Slv_int
 214C:3FB1       _n_sl_int
 214C:3FB3       _n_sl_int1
 214C:3FB5       _list_Slv_flt
 214C:40D9       _Com_Baud_Slave
 214C:40DD       _long_slv
 214C:40E1       _list_Slv_lng
 214C:40ED       _n_sl_lng
 214C:40EF       _n_sl_lng1
 214C:40F1       _n_sl_flt
 214C:40F3       _n_sl_flt1
 214C:40F5       _n_sl_flt0
 214C:40F7       _Slv_int
 214C:411F       _Slv_float
 214C:416F       _Slv_lng
 214C:4197       _ComBaudSlv
 214C:419B       _Com_lgthSlv
 214C:419D       _Com_paritySlv
 214C:419F       _Com_stopSlv
 214C:41A1       _uk_beg_Slv
 214C:41A3       _uk_fin_Slv
 214C:41A5       _nn_comb
 214C:41A7       _n_max_rcv
 214C:41A9       _CMD_IN
 214C:41AB       _i_LVL
 214C:41AD       _ii_LVL
 214C:41BF       _LIn_val
 214C:41C3       _FlagNewDT
 214C:41C5       _Tank1F
 214C:41C7       _New_Dens1
 214C:41CB       _New_Temp1
 214C:41CF       _New_Dens2
 214C:41D3       _New_Temp2
 214C:41D7       _New_Dens3
 214C:41DB       _New_Temp3
 214C:41DF       _New_Dens1c
 214C:41E3       _New_Temp1c
 214C:41E7       _New_Dens2c
 214C:41EB       _New_Temp2c
 214C:41EF       _New_Dens3c
 214C:41F3       _New_Temp3c
 214C:41F7       _Vol_kd
 214C:41FB       _Mass_kd
 214C:41FF       _Press1
 214C:4203       _Press2
 214C:4207       _Temp1
 214C:420B       _Temp2
 214C:420F       _Press3
 214C:4213       _Temp3
 214C:4217       _CMD_OUT
 214C:4219       _CMD_OUT_p
 214C:421B       _Flag_rd_cmd
 214C:421D       _Reg_State
 214C:421F       _Reg_err
 214C:4221       _OUT_VAR2
 214C:4223       _INP_VAR2
 214C:4225       _CMD_OUT2
 214C:4227       _Reg_State2
 214C:4229       _Reg_err2
 214C:422B       _ff_Slv2
 214C:422F       _flag_Slv2
 214C:4231       _ComPortSlv2
 214C:4233       _AddrSlv2
 214C:4235       _ComBaudSlv2
 214C:4239       _Com_lgthSlv2
 214C:423B       _Com_paritySlv2
 214C:423D       _Com_stopSlv2
 214C:423F       _flag_Slv3
 214C:4241       _ComPortSlv3
 214C:4243       _AddrSlv3
 214C:4245       _ComBaudSlv3
 214C:4249       _Com_lgthSlv3
 214C:424B       _Com_paritySlv3
 214C:424D       _Com_stopSlv3
 214C:424F       _State_SLV2
 214C:4251       _WD_PMP2_flag
 214C:4253       _WD_PMP2_Fl
 214C:4255       _WD_PMP2_time
 214C:4259       _WD_PMP2_t1
 214C:425D       _WD_PMP2_Per
 214C:4261       _list_Slv2_int
 214C:42C5       _n_sl2_int
 214C:42C7       _n_sl2_int1
 214C:42C9       _list_Slv2_flt
 214C:4349       _Com_Baud_Slave2
 214C:434D       _Com_Baud_Slave3
 214C:4351       _list_Slv2_lng
 214C:435D       _n_sl2_lng
 214C:435F       _n_sl2_lng1
 214C:4361       _n_sl2_flt
 214C:4363       _n_sl2_flt1
 214C:4365       _n_sl2_flt0
 214C:4367       _Slv2_int
 214C:438F       _Slv2_float
 214C:43DF       _Slv2_lng
 214C:4407       _PMP_sw
 214C:4409       _RQ2
 214C:440B       _Slv2_Slot1
 214C:4483       _Slv2_slt1_lgth
 214C:4485       _Slv2_slt1_max
 214C:4487       _Slv2_Short
 214C:44B1       _Slv2_short_lgth
 214C:44B3       _Slv2_short_max
 214C:44B5       _Slv2_Slot2
 214C:44FD       _Slv2_slt2_lgth
 214C:44FF       _Slv2_slt2_max
 214C:4501       _Dns1
 214C:4505       _TTmp1
 214C:4509       _Dns2
 214C:450D       _TTmp2
 214C:4511       _Dns3
 214C:4515       _TTmp3
 214C:4519       _Slv2_Slot3
 214C:455B       _Slv2_slt3_lgth
 214C:455D       _Slv2_slt3_max
 214C:455F       _Slv2_Slot4
 214C:459B       _Slv2_slt4_lgth
 214C:459D       _Slv2_slt4_max
 214C:459F       _Slv2_Slot5
 214C:45DB       _Slv2_slt5_lgth
 214C:45DD       _Slv2_slt5_max
 214C:45DF       _Slv2_Slot6
 214C:462D       _Slv2_slt6_lgth
 214C:462F       _Slv2_slt6_max
 214C:4631       _n_max_rcv2
 214C:4633       _MassTotal
 214C:4637       _VolTotal
 214C:463B       _DenTotal
 214C:463F       _TempTotal
 214C:4643       _MassGRK
 214C:4647       _VolGRK
 214C:464B       _Compos_rcv
 214C:464F       _PermPlus
 214C:4653       _PermMinus
 214C:4657       _t20c
 214C:465B       _v_Proc
 214C:465F       _flag_20C
 214C:4661       _Temp_kor
 214C:4665       _Comp_kor
 214C:4669       _M_Etan
 214C:466D       _M_Propan
 214C:4671       _M_Butan
 214C:4675       _Density
 214C:4679       _Temperature
 214C:467D       _Temperature1
 214C:4681       _Composition
 214C:4685       _ComposMass
 214C:4689       _ComposMol
 214C:468D       _CompG
 214C:4691       _PropLiq
 214C:46ED       _ButLiq
 214C:4749       _ButILiq
 214C:47A5       _EtanGas
 214C:4801       _PropGas
 214C:485D       _ButGas
 214C:48B9       _ButIGas
 214C:4915       _EtanP
 214C:4971       _PropanP
 214C:49CD       _ButanP
 214C:4A29       _ButanIP
 214C:4A85       _TCT_T1
 214C:4A89       _TCT_T2
 214C:4A8D       _TCT_T3
 214C:4A91       _TCT_T4
 214C:4A95       _TCT_T5
 214C:4A99       _TCT_T6
 214C:4A9D       _TCT_T7
 214C:4AA1       _TCT_T8
 214C:4AA5       _TCT_T9
 214C:4AA9       _proc10
 214C:4AAD       _proc90
 214C:4AB1       _prc10
 214C:4AD5       _prc90
 214C:4AF9       _num_out1
 214C:4AFB       _num_out2
 214C:4AFD       _TCT_ARR
 214C:4B21       _n_TCT
 214C:4B33       _alpha_LVL
 214C:4B57       _alpha_Tank
 214C:4B7B       _T0_LVL
 214C:4B9F       _T0_Tank
 214C:4BC3       _H_Cyl_M
 214C:4BE7       _Beg_tct
 214C:4BF9       _Sect_tct
 214C:4C0B       _lvl_mm
 214C:4C0F       _flag_maxV
 214C:4C21       _Vol_max
 214C:4C45       _Vol_10
 214C:4C69       _Vol_90
 214C:4C8D       _val_Temp
 214C:4CB1       _val_Press
 214C:4CD5       _lvl_rab
 214C:4CD9       _Fl_ch_mm
 214C:4CEB       _State_PMP
 214C:4CFF       _PMP_ADDR
 214C:4D23       _Lvl_offs
 214C:4D47       _s_PMP
 214C:4F3F       _PMP
 214C:51A3       _PMP_Rqst
 214C:5767       _PMP_inp_err
 214C:5779       _buf_tmp11
 214C:7BCC       _ShowData
 214C:7BE0       _MaxDay
 214C:7BF8       _TimeTicks
 214C:7BFC       _ResetMode
 214C:7C00       _IntVect
 214C:7C04       _SystemSerialNumber
 214C:7C08       ____OsType__
 214C:7C0C       _Unit_ms
 214C:7C0E       _Unit_ms1
 214C:7C10       _Unit_ms2
 214C:7C12       _bNeedSetSpeed
 214C:7C14       ___BaudDiv__
 214C:7C18       __CpuSpeed
 214C:7C1A       _STD_PORT
 214C:7C1E       _EE_ClockHighLow
 214C:7C22       _EE1_RandomRead
 214C:7C26       _EE1_ReadNext
 214C:7C2A       _EE1_MultiRead
 214C:7C2E       _EE1_RandomWrite
 214C:7C32       _EE1_MultiWrite
 214C:7C36       _WaitAckCount
 214C:7C38       _EE_Err
 214C:7C3A       _bWrite
 214C:7C3C       _EepType
 214C:7C3E       _EepBlockOffset
 214C:7C40       _EepAddrOffset
 214C:7C42       _ProtectMode
 214C:7C44       _fCheck
 214C:7C46       _StartSector
 214C:7C48       _FlashId
 214C:7C4A       _FlashSize
 214C:7C4C       _SectorSize256
 214C:7C58       _SectorSize512
 214C:7C78       _InstallCom_
 214C:7C98       _ToComBufn_
 214C:7CB8       _RestoreCom_
 214C:7CD8       _IsCom_
 214C:7CF8       _ReadCom_
 214C:7D18       _SetBaudrate_
 214C:7D38       _SetDataFormat_
 214C:7D58       _ToCom_
 214C:7D78       _IsTxBufEmpty_
 214C:7D98       _TriggerLevel
 214C:7DA6       _WaitTransmitOver_
 214C:7DC6       __Modify_Data
 214C:7DD6       __Stop2_3
 214C:7DDE       _In7188Buf_3
 214C:7DE2       _Out7188Buf_3
 214C:7DE6       _InBufSize_3
 214C:7DE8       _OutBufSize_3
 214C:7DEA       _InBeginIdx_3
 214C:7DEC       _InEndIdx_3
 214C:7DEE       _OutBeginIdx_3
 214C:7DF0       _OutEndIdx_3
 214C:7DF2       _SizeToXoff_3
 214C:7DF4       _SizeToXon_3
 214C:7DF6       _ReceiveXoff_3
 214C:7DF7       _NeedXoff_3
 214C:7DF8       _SendXoff_3
 214C:7DF9       _bUseXonXoff_3
 214C:7DFA       _err_3
 214C:7DFB       _UseDMA_3
 214C:7DFD       _OldVectA
 214C:7E01       _ComData7_3
 214C:7E03       _Rcnt_3
 214C:7E07       _LossCnt__3
 214C:7E0B       _LossCnt_1_3
 214C:7E0F       _LossCnt_2_3
 214C:7E13       _status1_3
 214C:7E19       _bGetBreak_3
 214C:7E1E       __Stop2_4
 214C:7E26       _In7188Buf_4
 214C:7E2A       _Out7188Buf_4
 214C:7E2E       _InBufSize_4
 214C:7E30       _OutBufSize_4
 214C:7E32       _InBeginIdx_4
 214C:7E34       _InEndIdx_4
 214C:7E36       _OutBeginIdx_4
 214C:7E38       _OutEndIdx_4
 214C:7E3A       _SizeToXoff_4
 214C:7E3C       _SizeToXon_4
 214C:7E3E       _ReceiveXoff_4
 214C:7E3F       _NeedXoff_4
 214C:7E40       _SendXoff_4
 214C:7E41       _bUseXonXoff_4
 214C:7E42       _err_4
 214C:7E43       _UseDMA_4
 214C:7E45       _OldVectB
 214C:7E49       _ComData7_4
 214C:7E4B       _Rcnt_4
 214C:7E4F       _LossCnt_0_4
 214C:7E53       _LossCnt_1_4
 214C:7E57       _LossCnt_2_4
 214C:7E5B       _status1_4
 214C:7E61       _bGetBreak_4
 214C:7E68       _ComBase_1
 214C:7E6A       _InInIdx_1
 214C:7E6C       _InOutIdx_1
 214C:7E6E       _ComErr_1
 214C:7E6F       _InData_1
 214C:7E73       _OutData_1
 214C:7E77       _InBufSize_1
 214C:7E79       _OutBufSize_1
 214C:7E7B       _OutInIdx_1
 214C:7E7D       _OutOutIdx_1
 214C:7E7F       _fCtsControlMode_1
 214C:7E81       _fRtsControlMode_1
 214C:7E83       _CurCTS_1
 214C:7E85       _CurRTS_1
 214C:7E87       _bCtsChanged_1
 214C:7E89       _SizeToXoff_1
 214C:7E8B       _SizeToXon_1
 214C:7E8D       _ReceiveXoff_1
 214C:7E8E       _NeedXoff_1
 214C:7E8F       _SendXoff_1
 214C:7E90       _bUseXonXoff_1
 214C:7E91       _ComFcr_1
 214C:7E92       _DoInputData_1
 214C:7E96       _ComInCount_1
 214C:7E9A       _ComOutCount_1
 214C:7E9E       _bGetBreak_1
 214C:7EA4       _bMsrChanged_1
 214C:7EA6       _LsrError_1
 214C:7EAA       _ComBase_2
 214C:7EAC       _InInIdx_2
 214C:7EAE       _InOutIdx_2
 214C:7EB0       _ComErr_2
 214C:7EB1       _InData_2
 214C:7EB5       _OutData_2
 214C:7EB9       _InBufSize_2
 214C:7EBB       _OutBufSize_2
 214C:7EBD       _OutInIdx_2
 214C:7EBF       _OutOutIdx_2
 214C:7EC1       _ComFcr_2
 214C:7EC2       _DoInputData_2
 214C:7EC6       _ComInCount_2
 214C:7ECA       _ComOutCount_2
 214C:7ECE       _bGetBreak_2
 214C:7ED4       _bMsrChanged
 214C:7ED6       _LsrError_2
 214C:7EDA       _ComBase_5
 214C:7EDC       _InInIdx_5
 214C:7EDE       _InOutIdx_5
 214C:7EE0       _ComErr_5
 214C:7EE1       _InData_5
 214C:7EE5       _OutData_5
 214C:7EE9       _InBufSize_5
 214C:7EEB       _OutBufSize_5
 214C:7EED       _OutInIdx_5
 214C:7EEF       _OutOutIdx_5
 214C:7EF1       _fCtsControlMode_5
 214C:7EF3       _fRtsControlMode_5
 214C:7EF5       _CurCTS_5
 214C:7EF7       _CurRTS_5
 214C:7EF9       _bCtsChanged_5
 214C:7EFB       _SizeToXoff_5
 214C:7EFD       _SizeToXon_5
 214C:7EFF       _ReceiveXoff_5
 214C:7F00       _NeedXoff_5
 214C:7F01       _SendXoff_5
 214C:7F02       _bUseXonXoff_5
 214C:7F03       _ComFcr_5
 214C:7F04       _DoInputData_5
 214C:7F08       _ComInCount_5
 214C:7F0C       _ComOutCount_5
 214C:7F10       _bGetBreak_5
 214C:7F16       _bMsrChanged_5
 214C:7F18       _LsrError_5
 214C:7F1C       _ComBase_6
 214C:7F1E       _InInIdx_6
 214C:7F20       _InOutIdx_6
 214C:7F22       _ComErr_6
 214C:7F23       _InData_6
 214C:7F27       _OutData_6
 214C:7F2B       _InBufSize_6
 214C:7F2D       _OutBufSize_6
 214C:7F2F       _OutInIdx_6
 214C:7F31       _OutOutIdx_6
 214C:7F33       _fCtsControlMode_6
 214C:7F35       _fRtsControlMode_6
 214C:7F37       _CurCTS_6
 214C:7F39       _CurRTS_6
 214C:7F3B       _bCtsChanged_6
 214C:7F3D       _SizeToXoff_6
 214C:7F3F       _SizeToXon_6
 214C:7F41       _ReceiveXoff_6
 214C:7F42       _NeedXoff_6
 214C:7F43       _SendXoff_6
 214C:7F44       _bUseXonXoff_6
 214C:7F45       _ComFcr_6
 214C:7F46       _DoInputData_6
 214C:7F4A       _ComInCount_6
 214C:7F4E       _ComOutCount_6
 214C:7F52       _bGetBreak_6
 214C:7F58       _bMsrChanged_6
 214C:7F5A       _LsrError_6
 214C:7F5E       _ComBase_7
 214C:7F60       _InInIdx_7
 214C:7F62       _InOutIdx_7
 214C:7F64       _ComErr_7
 214C:7F65       _InData_7
 214C:7F69       _OutData_7
 214C:7F6D       _InBufSize_7
 214C:7F6F       _OutBufSize_7
 214C:7F71       _OutInIdx_7
 214C:7F73       _OutOutIdx_7
 214C:7F75       _fCtsControlMode_7
 214C:7F77       _fRtsControlMode_7
 214C:7F79       _CurCTS_7
 214C:7F7B       _CurRTS_7
 214C:7F7D       _bCtsChanged_7
 214C:7F7F       _SizeToXoff_7
 214C:7F81       _SizeToXon_7
 214C:7F83       _ReceiveXoff_7
 214C:7F84       _NeedXoff_7
 214C:7F85       _SendXoff_7
 214C:7F86       _bUseXonXoff_7
 214C:7F87       _ComFcr_7
 214C:7F88       _DoInputData_7
 214C:7F8C       _ComInCount_7
 214C:7F90       _ComOutCount_7
 214C:7F94       _bGetBreak_7
 214C:7F9A       _bMsrChanged_7
 214C:7F9C       _LsrError_7
 214C:7F9E       _hex_to_ascii
 214C:7FB0       __8087
 214C:7FC0       __protected
 214C:7FC1       __LDT
 214C:7FC4       __default87
 214C:7FC6       __huge_flt
 214C:7FCA       __huge_dble
 214C:7FD2       __huge_ldble
 214C:7FDC       __indefinite
 214C:7FE0       __tiny_ldble
 214C:811C       __atexitcnt
 214C:811E       __ctype
 214C:8220       __exitbuf
 214C:8224       __exitfopen
 214C:8228       __exitopen
 214C:822C       __streams
 214C:83BC       __nfile
 214C:83BE       __openfd
 214C:83E6       __fpstklen
 214C:83E8       __doserrno
 214C:83EA       __dosErrorToSV
 214C:84C4       __stklen
 214C:8562       _environ
 214C:8742       __monthDay
 214C:875C       _tzname
 214C:8764       _timezone
 214C:8768       _daylight
 214C:8776       __RealCvtVector
 214C:877A       __ScanTodVector
 214C:87A4       _iv_msk
 214C:87C6       _itmp7060
 214C:87C8       _i7060it
 214C:87D0       _str_tmp
 214C:87F8       _fst_beg
 214C:87FA       _BufferMmiPrintf
 214C:887A       _mmikey
 214C:88BA       _Zone_par
 214C:899A       _ScrBuf_c
 214C:8F6A       _ScrBuf
 214C:953A       _dd_time
 214C:953E       _i_empty
 214C:9540       _ltt4
 214C:9544       _ltt3
 214C:9548       _ltt2
 214C:954C       _ltt1
 214C:9550       _rltt4
 214C:9554       _rltt3
 214C:9558       _rltt2
 214C:955C       _rltt1
 214C:9560       _itt4
 214C:9562       _itt3
 214C:9564       _itt2
 214C:9566       _itt1
 214C:9568       _ttt4
 214C:956A       _i_ish
 214C:956C       _en_bot
 214C:958E       _i7060_outc
 214C:9592       _i7060_inp
 214C:9596       _i7060_out
 214C:959A       _i7060_wdf
 214C:959E       _i7060_inph
 214C:95A2       _i7060_inpl
 214C:95A6       _COM_que
 214C:983A       _ttt3_l
 214C:983E       _ttt2_l
 214C:9842       _ttt1_l
 214C:9846       _ttt3
 214C:9848       _ttt2
 214C:984A       _ttt1
 214C:984C       _fst_str
 214C:986B       _MMI_str
 214C:9893       _cb_COM
 214C:9C7C       _ee_tmp1
 214C:9C80       _ee_tmp
 214C:9C84       _ar_str0_
 214C:9CA6       _lng_chr
 214C:9CAA       _id_i3
 214C:9CAE       _ee_nn1
 214C:9CB2       _ee_nn
 214C:9CB6       _nn
 214C:9CB8       _addr0
 214C:9CBA       _FF_par
 214C:9CBC       _TT_par
 214C:9CBE       _timeout
 214C:9CC0       _pool_time
 214C:9CC2       _CRC_flag
 214C:9CC4       _addr
 214C:9CC6       _port
 214C:9CC8       _status
 214C:9CCA       _cm_stop
 214C:9CCC       _cm_parity
 214C:9CCE       _cm_lgth
 214C:9CD0       _pdn_tmp
 214C:9CD2       _n_dnn
 214C:9CD4       _n_end
 214C:9CD6       _n_beg
 214C:9CD8       _fle
 214C:9CDA       _mvd
 214C:9CDE       _str_mvd
 214C:9D06       _TempLiq
 214C:9D0A       _DensLiq
 214C:9D0E       _Wat_lvl
 214C:9D12       _Prod_lvl
 214C:9D16       _ttct2
 214C:9D1A       _ttct1
 214C:9D1E       _ul
 214C:9D22       _buf_eep
 214C:A524       _Eeprom_summ
 214C:A528       _buf_xyz
 214C:ACF8       _Flash_ptr
 214C:ACFC       _licp_fnd
 214C:ACFE       _licp_addr
 214C:AD00       _ICP_MOD
 214C:B598       _buf_tmp
 214C:B660       _S1D
 214C:B666       _ii_ret
 214C:B668       _buf_tmpSR
 214C:B730       _retl_offs
 214C:B732       _retf_iii
 214C:B734       _retf_seg
 214C:B736       _ar_str
 214C:B758       _adate11
 214C:B75E       _pass_cnt
 214C:B760       _k_mv_tmp
 214C:B764       _zero_time
 214C:B768       _P_Etan
 214C:B76C       _D_Etan
 214C:B770       _D_Etan100
 214C:B774       _TCT_sz
 214C:B77C       _bf_Slv
 214C:B780       _ltime
 214C:B784       _ltime0
 214C:B788       _tVolI
 214C:B78C       _tMassI
 214C:B8B8       _CurMsr_1
 214C:B8BA       _CurMsr
 214C:B8D0       _CurMsr_5
 214C:B8DC       _CurMsr_6
 214C:B8E8       _CurMsr_7
 214C:B8EA       __atexittbl
 214C:B96A       ___SignalPtr
 2CE7:0000       __emu

Program entry point at 0000:0000

